Archive member included to satisfy reference by file (symbol)

A:/00_SHIELD/00_ITI/00_Sources/03_GCC_Compiler/msys64/mingw64/bin/../lib/gcc/x86_64-w64-mingw32/11.2.0/libstdc++.dll.a(d006693.o)
                              C:\Users\mmich\AppData\Local\Temp\ccqFG82y.o (__gxx_personality_seh0)
A:/00_SHIELD/00_ITI/00_Sources/03_GCC_Compiler/msys64/mingw64/bin/../lib/gcc/x86_64-w64-mingw32/11.2.0/libstdc++.dll.a(d006677.o)
                              C:\Users\mmich\AppData\Local\Temp\ccqFG82y.o (__cxa_throw_bad_array_new_length)
A:/00_SHIELD/00_ITI/00_Sources/03_GCC_Compiler/msys64/mingw64/bin/../lib/gcc/x86_64-w64-mingw32/11.2.0/libstdc++.dll.a(d006674.o)
                              C:\Users\mmich\AppData\Local\Temp\ccqFG82y.o (__cxa_rethrow)
A:/00_SHIELD/00_ITI/00_Sources/03_GCC_Compiler/msys64/mingw64/bin/../lib/gcc/x86_64-w64-mingw32/11.2.0/libstdc++.dll.a(d006663.o)
                              C:\Users\mmich\AppData\Local\Temp\ccqFG82y.o (__cxa_end_catch)
A:/00_SHIELD/00_ITI/00_Sources/03_GCC_Compiler/msys64/mingw64/bin/../lib/gcc/x86_64-w64-mingw32/11.2.0/libstdc++.dll.a(d006657.o)
                              C:\Users\mmich\AppData\Local\Temp\ccqFG82y.o (__cxa_begin_catch)
A:/00_SHIELD/00_ITI/00_Sources/03_GCC_Compiler/msys64/mingw64/bin/../lib/gcc/x86_64-w64-mingw32/11.2.0/libstdc++.dll.a(d006643.o)
                              C:\Users\mmich\AppData\Local\Temp\ccqFG82y.o (operator new[](unsigned long long))
A:/00_SHIELD/00_ITI/00_Sources/03_GCC_Compiler/msys64/mingw64/bin/../lib/gcc/x86_64-w64-mingw32/11.2.0/libstdc++.dll.a(d006631.o)
                              C:\Users\mmich\AppData\Local\Temp\ccqFG82y.o (operator delete[](void*))
A:/00_SHIELD/00_ITI/00_Sources/03_GCC_Compiler/msys64/mingw64/bin/../lib/gcc/x86_64-w64-mingw32/11.2.0/libstdc++.dll.a(d005637.o)
                              C:\Users\mmich\AppData\Local\Temp\ccqFG82y.o (std::basic_istream<char, std::char_traits<char> >& std::operator>><char, std::char_traits<char>, std::allocator<char> >(std::basic_istream<char, std::char_traits<char> >&, std::__cxx11::basic_string<char, std::char_traits<char>, std::allocator<char> >&))
A:/00_SHIELD/00_ITI/00_Sources/03_GCC_Compiler/msys64/mingw64/bin/../lib/gcc/x86_64-w64-mingw32/11.2.0/libstdc++.dll.a(d005593.o)
                              C:\Users\mmich\AppData\Local\Temp\ccqFG82y.o (std::basic_ostream<char, std::char_traits<char> >& std::operator<< <char, std::char_traits<char>, std::allocator<char> >(std::basic_ostream<char, std::char_traits<char> >&, std::__cxx11::basic_string<char, std::char_traits<char>, std::allocator<char> > const&))
A:/00_SHIELD/00_ITI/00_Sources/03_GCC_Compiler/msys64/mingw64/bin/../lib/gcc/x86_64-w64-mingw32/11.2.0/libstdc++.dll.a(d005474.o)
                              C:\Users\mmich\AppData\Local\Temp\ccqFG82y.o (std::basic_istream<char, std::char_traits<char> >& std::getline<char, std::char_traits<char>, std::allocator<char> >(std::basic_istream<char, std::char_traits<char> >&, std::__cxx11::basic_string<char, std::char_traits<char>, std::allocator<char> >&))
A:/00_SHIELD/00_ITI/00_Sources/03_GCC_Compiler/msys64/mingw64/bin/../lib/gcc/x86_64-w64-mingw32/11.2.0/libstdc++.dll.a(d005463.o)
                              C:\Users\mmich\AppData\Local\Temp\ccqFG82y.o (std::basic_ostream<char, std::char_traits<char> >& std::endl<char, std::char_traits<char> >(std::basic_ostream<char, std::char_traits<char> >&))
A:/00_SHIELD/00_ITI/00_Sources/03_GCC_Compiler/msys64/mingw64/bin/../lib/gcc/x86_64-w64-mingw32/11.2.0/libstdc++.dll.a(d005462.o)
                              C:\Users\mmich\AppData\Local\Temp\ccqFG82y.o (std::cout)
A:/00_SHIELD/00_ITI/00_Sources/03_GCC_Compiler/msys64/mingw64/bin/../lib/gcc/x86_64-w64-mingw32/11.2.0/libstdc++.dll.a(d005459.o)
                              C:\Users\mmich\AppData\Local\Temp\ccqFG82y.o (std::cin)
A:/00_SHIELD/00_ITI/00_Sources/03_GCC_Compiler/msys64/mingw64/bin/../lib/gcc/x86_64-w64-mingw32/11.2.0/libstdc++.dll.a(d005450.o)
                              C:\Users\mmich\AppData\Local\Temp\ccqFG82y.o (std::__throw_invalid_argument(char const*))
A:/00_SHIELD/00_ITI/00_Sources/03_GCC_Compiler/msys64/mingw64/bin/../lib/gcc/x86_64-w64-mingw32/11.2.0/libstdc++.dll.a(d005436.o)
                              C:\Users\mmich\AppData\Local\Temp\ccqFG82y.o (std::__throw_out_of_range(char const*))
A:/00_SHIELD/00_ITI/00_Sources/03_GCC_Compiler/msys64/mingw64/bin/../lib/gcc/x86_64-w64-mingw32/11.2.0/libstdc++.dll.a(d005425.o)
                              C:\Users\mmich\AppData\Local\Temp\ccqFG82y.o (std::__throw_logic_error(char const*))
A:/00_SHIELD/00_ITI/00_Sources/03_GCC_Compiler/msys64/mingw64/bin/../lib/gcc/x86_64-w64-mingw32/11.2.0/libstdc++.dll.a(d005165.o)
                              C:\Users\mmich\AppData\Local\Temp\ccqFG82y.o (std::ios_base::Init::~Init())
A:/00_SHIELD/00_ITI/00_Sources/03_GCC_Compiler/msys64/mingw64/bin/../lib/gcc/x86_64-w64-mingw32/11.2.0/libstdc++.dll.a(d005163.o)
[...]
Memory Configuration

Name             Origin             Length             Attributes
*default*        0x0000000000000000 0xffffffffffffffff

Linker script and memory map

                0x0000000140000000                __image_base__ = 0x140000000
                0x0000000000000000                __dll__ = 0x0
                0x0000000140000000                __ImageBase = 0x140000000
                0x0000000000001000                __section_alignment__ = 0x1000
                0x0000000000000200                __file_alignment__ = 0x200
                0x0000000000000004                __major_os_version__ = 0x4
                0x0000000000000000                __minor_os_version__ = 0x0
                0x0000000000000000                __major_image_version__ = 0x0
                0x0000000000000000                __minor_image_version__ = 0x0
                0x0000000000000005                __major_subsystem_version__ = 0x5
                0x0000000000000002                __minor_subsystem_version__ = 0x2
                0x0000000000000003                __subsystem__ = 0x3
                0x0000000000200000                __size_of_stack_reserve__ = 0x200000
                0x0000000000001000                __size_of_stack_commit__ = 0x1000
                0x0000000000100000                __size_of_heap_reserve__ = 0x100000
                0x0000000000001000                __size_of_heap_commit__ = 0x1000
                0x0000000000000000                __loader_flags__ = 0x0
                0x0000000000000160                __dll_characteristics__ = 0x160
LOAD A:/00_SHIELD/00_ITI/00_Sources/03_GCC_Compiler/msys64/mingw64/bin/../lib/gcc/x86_64-w64-mingw32/11.2.0/../../../../x86_64-w64-mingw32/lib/../lib/crt2.o
LOAD A:/00_SHIELD/00_ITI/00_Sources/03_GCC_Compiler/msys64/mingw64/bin/../lib/gcc/x86_64-w64-mingw32/11.2.0/crtbegin.o
LOAD C:\Users\mmich\AppData\Local\Temp\ccqFG82y.o
LOAD A:/00_SHIELD/00_ITI/00_Sources/03_GCC_Compiler/msys64/mingw64/bin/../lib/gcc/x86_64-w64-mingw32/11.2.0/libstdc++.dll.a
LOAD A:/00_SHIELD/00_ITI/00_Sources/03_GCC_Compiler/msys64/mingw64/bin/../lib/gcc/x86_64-w64-mingw32/11.2.0/../../../../x86_64-w64-mingw32/lib/../lib/libmingw32.a
LOAD A:/00_SHIELD/00_ITI/00_Sources/03_GCC_Compiler/msys64/mingw64/bin/../lib/gcc/x86_64-w64-mingw32/11.2.0/libgcc_s.a
LOAD A:/00_SHIELD/00_ITI/00_Sources/03_GCC_Compiler/msys64/mingw64/bin/../lib/gcc/x86_64-w64-mingw32/11.2.0/libgcc.a
LOAD A:/00_SHIELD/00_ITI/00_Sources/03_GCC_Compiler/msys64/mingw64/bin/../lib/gcc/x86_64-w64-mingw32/11.2.0/../../../../x86_64-w64-mingw32/lib/../lib/libmoldname.a
LOAD A:/00_SHIELD/00_ITI/00_Sources/03_GCC_Compiler/msys64/mingw64/bin/../lib/gcc/x86_64-w64-mingw32/11.2.0/../../../../x86_64-w64-mingw32/lib/../lib/libmingwex.a
LOAD A:/00_SHIELD/00_ITI/00_Sources/03_GCC_Compiler/msys64/mingw64/bin/../lib/gcc/x86_64-w64-mingw32/11.2.0/../../../../x86_64-w64-mingw32/lib/../lib/libmsvcrt.a
LOAD A:/00_SHIELD/00_ITI/00_Sources/03_GCC_Compiler/msys64/mingw64/bin/../lib/gcc/x86_64-w64-mingw32/11.2.0/../../../../x86_64-w64-mingw32/lib/../lib/libkernel32.a
LOAD A:/00_SHIELD/00_ITI/00_Sources/03_GCC_Compiler/msys64/mingw64/bin/../lib/gcc/x86_64-w64-mingw32/11.2.0/../../../../x86_64-w64-mingw32/lib/../lib/libpthread.dll.a
LOAD A:/00_SHIELD/00_ITI/00_Sources/03_GCC_Compiler/msys64/mingw64/bin/../lib/gcc/x86_64-w64-mingw32/11.2.0/../../../../x86_64-w64-mingw32/lib/../lib/libadvapi32.a
LOAD A:/00_SHIELD/00_ITI/00_Sources/03_GCC_Compiler/msys64/mingw64/bin/../lib/gcc/x86_64-w64-mingw32/11.2.0/../../../../x86_64-w64-mingw32/lib/../lib/libshell32.a
LOAD A:/00_SHIELD/00_ITI/00_Sources/03_GCC_Compiler/msys64/mingw64/bin/../lib/gcc/x86_64-w64-mingw32/11.2.0/../../../../x86_64-w64-mingw32/lib/../lib/libuser32.a
LOAD A:/00_SHIELD/00_ITI/00_Sources/03_GCC_Compiler/msys64/mingw64/bin/../lib/gcc/x86_64-w64-mingw32/11.2.0/../../../../x86_64-w64-mingw32/lib/../lib/libkernel32.a
LOAD A:/00_SHIELD/00_ITI/00_Sources/03_GCC_Compiler/msys64/mingw64/bin/../lib/gcc/x86_64-w64-mingw32/11.2.0/../../../../x86_64-w64-mingw32/lib/../lib/libmingw32.a
LOAD A:/00_SHIELD/00_ITI/00_Sources/03_GCC_Compiler/msys64/mingw64/bin/../lib/gcc/x86_64-w64-mingw32/11.2.0/libgcc_s.a
LOAD A:/00_SHIELD/00_ITI/00_Sources/03_GCC_Compiler/msys64/mingw64/bin/../lib/gcc/x86_64-w64-mingw32/11.2.0/libgcc.a
LOAD A:/00_SHIELD/00_ITI/00_Sources/03_GCC_Compiler/msys64/mingw64/bin/../lib/gcc/x86_64-w64-mingw32/11.2.0/../../../../x86_64-w64-mingw32/lib/../lib/libmoldname.a
LOAD A:/00_SHIELD/00_ITI/00_Sources/03_GCC_Compiler/msys64/mingw64/bin/../lib/gcc/x86_64-w64-mingw32/11.2.0/../../../../x86_64-w64-mingw32/lib/../lib/libmingwex.a
LOAD A:/00_SHIELD/00_ITI/00_Sources/03_GCC_Compiler/msys64/mingw64/bin/../lib/gcc/x86_64-w64-mingw32/11.2.0/../../../../x86_64-w64-mingw32/lib/../lib/libmsvcrt.a
LOAD A:/00_SHIELD/00_ITI/00_Sources/03_GCC_Compiler/msys64/mingw64/bin/../lib/gcc/x86_64-w64-mingw32/11.2.0/../../../../x86_64-w64-mingw32/lib/../lib/libkernel32.a
LOAD A:/00_SHIELD/00_ITI/00_Sources/03_GCC_Compiler/msys64/mingw64/bin/../lib/gcc/x86_64-w64-mingw32/11.2.0/../../../../x86_64-w64-mingw32/lib/../lib/default-manifest.o
LOAD A:/00_SHIELD/00_ITI/00_Sources/03_GCC_Compiler/msys64/mingw64/bin/../lib/gcc/x86_64-w64-mingw32/11.2.0/crtend.o
                0x00000000000004a8                . = SIZEOF_HEADERS
                0x0000000000001000                . = ALIGN (__section_alignment__)

.text           0x0000000140001000     0x3400
 *(SORT_NONE(.init))
 *(.text)
 .text          0x0000000140001000      0x510 A:/00_SHIELD/00_ITI/00_Sources/03_GCC_Compiler/msys64/mingw64/bin/../lib/gcc/x86_64-w64-mingw32/11.2.0/../../../../x86_64-w64-mingw32/lib/../lib/crt2.o
                0x00000001400014b0                WinMainCRTStartup
                0x00000001400014d0                mainCRTStartup
                0x00000001400014f0                atexit
 .text          0x0000000140001510       0x20 A:/00_SHIELD/00_ITI/00_Sources/03_GCC_Compiler/msys64/mingw64/bin/../lib/gcc/x86_64-w64-mingw32/11.2.0/crtbegin.o
                0x0000000140001510                __gcc_register_frame
                0x0000000140001520                __gcc_deregister_frame
 .text          0x0000000140001530     0x1180 C:\Users\mmich\AppData\Local\Temp\ccqFG82y.o
                0x0000000140001530                main
 .text          0x00000001400026b0        0x8 A:/00_SHIELD/00_ITI/00_Sources/03_GCC_Compiler/msys64/mingw64/bin/../lib/gcc/x86_64-w64-mingw32/11.2.0/libstdc++.dll.a(d006693.o)
                0x00000001400026b0                __gxx_personality_seh0
 .text          0x00000001400026b8        0x8 A:/00_SHIELD/00_ITI/00_Sources/03_GCC_Compiler/msys64/mingw64/bin/../lib/gcc/x86_64-w64-mingw32/11.2.0/libstdc++.dll.a(d006677.o)
                0x00000001400026b8                __cxa_throw_bad_array_new_length
 .text          0x00000001400026c0        0x8 A:/00_SHIELD/00_ITI/00_Sources/03_GCC_Compiler/msys64/mingw64/bin/../lib/gcc/x86_64-w64-mingw32/11.2.0/libstdc++.dll.a(d006674.o)
                0x00000001400026c0                __cxa_rethrow
 .text          0x00000001400026c8        0x8 A:/00_SHIELD/00_ITI/00_Sources/03_GCC_Compiler/msys64/mingw64/bin/../lib/gcc/x86_64-w64-mingw32/11.2.0/libstdc++.dll.a(d006663.o)
                0x00000001400026c8                __cxa_end_catch
 .text          0x00000001400026d0        0x8 A:/00_SHIELD/00_ITI/00_Sources/03_GCC_Compiler/msys64/mingw64/bin/../lib/gcc/x86_64-w64-mingw32/11.2.0/libstdc++.dll.a(d006657.o)
                0x00000001400026d0                __cxa_begin_catch
 .text          0x00000001400026d8        0x8 A:/00_SHIELD/00_ITI/00_Sources/03_GCC_Compiler/msys64/mingw64/bin/../lib/gcc/x86_64-w64-mingw32/11.2.0/libstdc++.dll.a(d006643.o)
                0x00000001400026d8                operator new[](unsigned long long)
 .text          0x00000001400026e0        0x8 A:/00_SHIELD/00_ITI/00_Sources/03_GCC_Compiler/msys64/mingw64/bin/../lib/gcc/x86_64-w64-mingw32/11.2.0/libstdc++.dll.a(d006631.o)
                0x00000001400026e0                operator delete[](void*)
 .text          0x00000001400026e8        0x8 A:/00_SHIELD/00_ITI/00_Sources/03_GCC_Compiler/msys64/mingw64/bin/../lib/gcc/x86_64-w64-mingw32/11.2.0/libstdc++.dll.a(d005637.o)
                0x00000001400026e8                std::basic_istream<char, std::char_traits<char> >& std::operator>><char, std::char_traits<char>, std::allocator<char> >(std::basic_istream<char, std::char_traits<char> >&, std::__cxx11::basic_string<char, std::char_traits<char>, std::allocator<char> >&)
 .text          0x00000001400026f0        0x8 A:/00_SHIELD/00_ITI/00_Sources/03_GCC_Compiler/msys64/mingw64/bin/../lib/gcc/x86_64-w64-mingw32/11.2.0/libstdc++.dll.a(d005593.o)
                0x00000001400026f0                std::basic_ostream<char, std::char_traits<char> >& std::operator<< <char, std::char_traits<char>, std::allocator<char> >(std::basic_ostream<char, std::char_traits<char> >&, std::__cxx11::basic_string<char, std::char_traits<char>, std::allocator<char> > const&)
 .text          0x00000001400026f8        0x8 A:/00_SHIELD/00_ITI/00_Sources/03_GCC_Compiler/msys64/mingw64/bin/../lib/gcc/x86_64-w64-mingw32/11.2.0/libstdc++.dll.a(d005474.o)
                0x00000001400026f8                std::basic_istream<char, std::char_traits<char> >& std::getline<char, std::char_traits<char>, std::allocator<char> >(std::basic_istream<char, std::char_traits<char> >&, std::__cxx11::basic_string<char, std::char_traits<char>, std::allocator<char> >&)
 .text          0x0000000140002700        0x8 A:/00_SHIELD/00_ITI/00_Sources/03_GCC_Compiler/msys64/mingw64/bin/../lib/gcc/x86_64-w64-mingw32/11.2.0/libstdc++.dll.a(d005463.o)
                0x0000000140002700                std::basic_ostream<char, std::char_traits<char> >& std::endl<char, std::char_traits<char> >(std::basic_ostream<char, std::char_traits<char> >&)
 .text          0x0000000140002708        0x0 A:/00_SHIELD/00_ITI/00_Sources/03_GCC_Compiler/msys64/mingw64/bin/../lib/gcc/x86_64-w64-mingw32/11.2.0/libstdc++.dll.a(d005462.o)
 .text          0x0000000140002708        0x0 A:/00_SHIELD/00_ITI/00_Sources/03_GCC_Compiler/msys64/mingw64/bin/../lib/gcc/x86_64-w64-mingw32/11.2.0/libstdc++.dll.a(d005459.o)
 .text          0x0000000140002708        0x8 A:/00_SHIELD/00_ITI/00_Sources/03_GCC_Compiler/msys64/mingw64/bin/../lib/gcc/x86_64-w64-mingw32/11.2.0/libstdc++.dll.a(d005450.o)
                0x0000000140002708                std::__throw_invalid_argument(char const*)
 .text          0x0000000140002710        0x8 A:/00_SHIELD/00_ITI/00_Sources/03_GCC_Compiler/msys64/mingw64/bin/../lib/gcc/x86_64-w64-mingw32/11.2.0/libstdc++.dll.a(d005436.o)
                0x0000000140002710                std::__throw_out_of_range(char const*)
 .text          0x0000000140002718        0x8 A:/00_SHIELD/00_ITI/00_Sources/03_GCC_Compiler/msys64/mingw64/bin/../lib/gcc/x86_64-w64-mingw32/11.2.0/libstdc++.dll.a(d005425.o)
                0x0000000140002718                std::__throw_logic_error(char const*)
 .text          0x0000000140002720        0x8 A:/00_SHIELD/00_ITI/00_Sources/03_GCC_Compiler/msys64/mingw64/bin/../lib/gcc/x86_64-w64-mingw32/11.2.0/libstdc++.dll.a(d005165.o)
                0x0000000140002720                std::ios_base::Init::~Init()
 .text          0x0000000140002728        0x8 A:/00_SHIELD/00_ITI/00_Sources/03_GCC_Compiler/msys64/mingw64/bin/../lib/gcc/x86_64-w64-mingw32/11.2.0/libstdc++.dll.a(d005163.o)
                0x0000000140002728                std::ios_base::Init::Init()
 .text          0x0000000140002730        0x8 A:/00_SHIELD/00_ITI/00_Sources/03_GCC_Compiler/msys64/mingw64/bin/../lib/gcc/x86_64-w64-mingw32/11.2.0/libstdc++.dll.a(d004874.o)
                0x0000000140002730                std::__cxx11::basic_stringstream<char, std::char_traits<char>, std::allocator<char> >::~basic_stringstream()
 .text          0x0000000140002738        0x8 A:/00_SHIELD/00_ITI/00_Sources/03_GCC_Compiler/msys64/mingw64/bin/../lib/gcc/x86_64-w64-mingw32/11.2.0/libstdc++.dll.a(d004863.o)
                0x0000000140002738                std::__cxx11::basic_stringstream<char, std::char_traits<char>, std::allocator<char> >::basic_stringstream(std::__cxx11::basic_string<char, std::char_traits<char>, std::allocator<char> > const&, std::_Ios_Openmode)
 .text          0x0000000140002740        0x8 A:/00_SHIELD/00_ITI/00_Sources/03_GCC_Compiler/msys64/mingw64/bin/../lib/gcc/x86_64-w64-mingw32/11.2.0/libstdc++.dll.a(d004531.o)
                0x0000000140002740                std::__cxx11::basic_string<char, std::char_traits<char>, std::allocator<char> >::operator[](unsigned long long)
 .text          0x0000000140002748        0x8 A:/00_SHIELD/00_ITI/00_Sources/03_GCC_Compiler/msys64/mingw64/bin/../lib/gcc/x86_64-w64-mingw32/11.2.0/libstdc++.dll.a(d004526.o)
                0x0000000140002748                std::__cxx11::basic_string<char, std::char_traits<char>, std::allocator<char> >::operator=(std::__cxx11::basic_string<char, std::char_traits<char>, std::allocator<char> >&&)
 .text          0x0000000140002750        0x8 A:/00_SHIELD/00_ITI/00_Sources/03_GCC_Compiler/msys64/mingw64/bin/../lib/gcc/x86_64-w64-mingw32/11.2.0/libstdc++.dll.a(d004524.o)
                0x0000000140002750                std::__cxx11::basic_string<char, std::char_traits<char>, std::allocator<char> >::~basic_string()
 .text          0x0000000140002758        0x8 A:/00_SHIELD/00_ITI/00_Sources/03_GCC_Compiler/msys64/mingw64/bin/../lib/gcc/x86_64-w64-mingw32/11.2.0/libstdc++.dll.a(d004491.o)
                0x0000000140002758                std::__cxx11::basic_string<char, std::char_traits<char>, std::allocator<char> >::basic_string(std::__cxx11::basic_string<char, std::char_traits<char>, std::allocator<char> >&&)
 .text          0x0000000140002760        0x8 A:/00_SHIELD/00_ITI/00_Sources/03_GCC_Compiler/msys64/mingw64/bin/../lib/gcc/x86_64-w64-mingw32/11.2.0/libstdc++.dll.a(d004485.o)
                0x0000000140002760                std::__cxx11::basic_string<char, std::char_traits<char>, std::allocator<char> >::_M_create(unsigned long long&, unsigned long long)
 .text          0x0000000140002768        0x8 A:/00_SHIELD/00_ITI/00_Sources/03_GCC_Compiler/msys64/mingw64/bin/../lib/gcc/x86_64-w64-mingw32/11.2.0/libstdc++.dll.a(d004454.o)
                0x0000000140002768                std::__cxx11::basic_string<char, std::char_traits<char>, std::allocator<char> >::_M_data(char*)
 .text          0x0000000140002770        0x8 A:/00_SHIELD/00_ITI/00_Sources/03_GCC_Compiler/msys64/mingw64/bin/../lib/gcc/x86_64-w64-mingw32/11.2.0/libstdc++.dll.a(d004447.o)
                0x0000000140002770                std::__cxx11::basic_string<char, std::char_traits<char>, std::allocator<char> >::insert(unsigned long long, std::__cxx11::basic_string<char, std::char_traits<char>, std::allocator<char> > const&)
 .text          0x0000000140002778        0x8 A:/00_SHIELD/00_ITI/00_Sources/03_GCC_Compiler/msys64/mingw64/bin/../lib/gcc/x86_64-w64-mingw32/11.2.0/libstdc++.dll.a(d004428.o)
                0x0000000140002778                std::__cxx11::basic_string<char, std::char_traits<char>, std::allocator<char> >::append(std::__cxx11::basic_string<char, std::char_traits<char>, std::allocator<char> > const&)
 .text          0x0000000140002780        0x8 A:/00_SHIELD/00_ITI/00_Sources/03_GCC_Compiler/msys64/mingw64/bin/../lib/gcc/x86_64-w64-mingw32/11.2.0/libstdc++.dll.a(d004404.o)
                0x0000000140002780                std::__cxx11::basic_string<char, std::char_traits<char>, std::allocator<char> >::_S_copy_chars(char*, char const*, char const*)
 .text          0x0000000140002788        0x8 A:/00_SHIELD/00_ITI/00_Sources/03_GCC_Compiler/msys64/mingw64/bin/../lib/gcc/x86_64-w64-mingw32/11.2.0/libstdc++.dll.a(d004401.o)
                0x0000000140002788                std::__cxx11::basic_string<char, std::char_traits<char>, std::allocator<char> >::_M_set_length(unsigned long long)
 .text          0x0000000140002790        0x8 A:/00_SHIELD/00_ITI/00_Sources/03_GCC_Compiler/msys64/mingw64/bin/../lib/gcc/x86_64-w64-mingw32/11.2.0/libstdc++.dll.a(d004400.o)
                0x0000000140002790                std::__cxx11::basic_string<char, std::char_traits<char>, std::allocator<char> >::_M_local_data()
 .text          0x0000000140002798        0x8 A:/00_SHIELD/00_ITI/00_Sources/03_GCC_Compiler/msys64/mingw64/bin/../lib/gcc/x86_64-w64-mingw32/11.2.0/libstdc++.dll.a(d004393.o)
                0x0000000140002798                std::__cxx11::basic_string<char, std::char_traits<char>, std::allocator<char> >::_M_construct(unsigned long long, char)
 .text          0x00000001400027a0        0x8 A:/00_SHIELD/00_ITI/00_Sources/03_GCC_Compiler/msys64/mingw64/bin/../lib/gcc/x86_64-w64-mingw32/11.2.0/libstdc++.dll.a(d004390.o)
                0x00000001400027a0                std::__cxx11::basic_string<char, std::char_traits<char>, std::allocator<char> >::_Alloc_hider::_Alloc_hider(char*, std::allocator<char> const&)
 .text          0x00000001400027a8        0x8 A:/00_SHIELD/00_ITI/00_Sources/03_GCC_Compiler/msys64/mingw64/bin/../lib/gcc/x86_64-w64-mingw32/11.2.0/libstdc++.dll.a(d004388.o)
                0x00000001400027a8                std::__cxx11::basic_string<char, std::char_traits<char>, std::allocator<char> >::_M_capacity(unsigned long long)
 .text          0x00000001400027b0        0x8 A:/00_SHIELD/00_ITI/00_Sources/03_GCC_Compiler/msys64/mingw64/bin/../lib/gcc/x86_64-w64-mingw32/11.2.0/libstdc++.dll.a(d004385.o)
                0x00000001400027b0                std::__cxx11::basic_string<char, std::char_traits<char>, std::allocator<char> >::_M_dispose()
 .text          0x00000001400027b8        0x8 A:/00_SHIELD/00_ITI/00_Sources/03_GCC_Compiler/msys64/mingw64/bin/../lib/gcc/x86_64-w64-mingw32/11.2.0/libstdc++.dll.a(d001896.o)
                0x00000001400027b8                std::ostream::operator<<(std::ostream& (*)(std::ostream&))
 .text          0x00000001400027c0        0x8 A:/00_SHIELD/00_ITI/00_Sources/03_GCC_Compiler/msys64/mingw64/bin/../lib/gcc/x86_64-w64-mingw32/11.2.0/libstdc++.dll.a(d001857.o)
                0x00000001400027c0                std::istream::operator>>(long&)
 .text          0x00000001400027c8        0x8 A:/00_SHIELD/00_ITI/00_Sources/03_GCC_Compiler/msys64/mingw64/bin/../lib/gcc/x86_64-w64-mingw32/11.2.0/libstdc++.dll.a(d001855.o)
                0x00000001400027c8                std::istream::operator>>(int&)
 .text          0x00000001400027d0        0x8 A:/00_SHIELD/00_ITI/00_Sources/03_GCC_Compiler/msys64/mingw64/bin/../lib/gcc/x86_64-w64-mingw32/11.2.0/libstdc++.dll.a(d001643.o)
                0x00000001400027d0                std::allocator<char>::~allocator()
 .text          0x00000001400027d8        0x8 A:/00_SHIELD/00_ITI/00_Sources/03_GCC_Compiler/msys64/mingw64/bin/../lib/gcc/x86_64-w64-mingw32/11.2.0/libstdc++.dll.a(d001642.o)
                0x00000001400027d8                std::allocator<char>::~allocator()
 .text          0x00000001400027e0        0x8 A:/00_SHIELD/00_ITI/00_Sources/03_GCC_Compiler/msys64/mingw64/bin/../lib/gcc/x86_64-w64-mingw32/11.2.0/libstdc++.dll.a(d001639.o)
                0x00000001400027e0                std::allocator<char>::allocator()
 .text          0x00000001400027e8        0x8 A:/00_SHIELD/00_ITI/00_Sources/03_GCC_Compiler/msys64/mingw64/bin/../lib/gcc/x86_64-w64-mingw32/11.2.0/libstdc++.dll.a(d001581.o)
                0x00000001400027e8                std::basic_ios<char, std::char_traits<char> >::operator bool() const
 .text          0x00000001400027f0        0x8 A:/00_SHIELD/00_ITI/00_Sources/03_GCC_Compiler/msys64/mingw64/bin/../lib/gcc/x86_64-w64-mingw32/11.2.0/libstdc++.dll.a(d001095.o)
                0x00000001400027f0                std::__cxx11::basic_string<char, std::char_traits<char>, std::allocator<char> >::capacity() const
 .text          0x00000001400027f8        0x8 A:/00_SHIELD/00_ITI/00_Sources/03_GCC_Compiler/msys64/mingw64/bin/../lib/gcc/x86_64-w64-mingw32/11.2.0/libstdc++.dll.a(d001086.o)
                0x00000001400027f8                std::__cxx11::basic_string<char, std::char_traits<char>, std::allocator<char> >::compare(char const*) const
 .text          0x0000000140002800        0x8 A:/00_SHIELD/00_ITI/00_Sources/03_GCC_Compiler/msys64/mingw64/bin/../lib/gcc/x86_64-w64-mingw32/11.2.0/libstdc++.dll.a(d001085.o)
                0x0000000140002800                std::__cxx11::basic_string<char, std::char_traits<char>, std::allocator<char> >::_M_data() const
 .text          0x0000000140002808        0x8 A:/00_SHIELD/00_ITI/00_Sources/03_GCC_Compiler/msys64/mingw64/bin/../lib/gcc/x86_64-w64-mingw32/11.2.0/libstdc++.dll.a(d001084.o)
                0x0000000140002808                std::__cxx11::basic_string<char, std::char_traits<char>, std::allocator<char> >::substr(unsigned long long, unsigned long long) const
 .text          0x0000000140002810        0x8 A:/00_SHIELD/00_ITI/00_Sources/03_GCC_Compiler/msys64/mingw64/bin/../lib/gcc/x86_64-w64-mingw32/11.2.0/libstdc++.dll.a(d001082.o)
                0x0000000140002810                std::__cxx11::basic_string<char, std::char_traits<char>, std::allocator<char> >::length() const
 .text          0x0000000140002818        0x8 A:/00_SHIELD/00_ITI/00_Sources/03_GCC_Compiler/msys64/mingw64/bin/../lib/gcc/x86_64-w64-mingw32/11.2.0/libstdc++.dll.a(d001073.o)
                0x0000000140002818                std::__cxx11::basic_string<char, std::char_traits<char>, std::allocator<char> >::c_str() const
 .text          0x0000000140002820        0x8 A:/00_SHIELD/00_ITI/00_Sources/03_GCC_Compiler/msys64/mingw64/bin/../lib/gcc/x86_64-w64-mingw32/11.2.0/libstdc++.dll.a(d001071.o)
                0x0000000140002820                std::__cxx11::basic_string<char, std::char_traits<char>, std::allocator<char> >::size() const
 *fill*         0x0000000140002828        0x8 
 .text          0x0000000140002830       0xd0 A:/00_SHIELD/00_ITI/00_Sources/03_GCC_Compiler/msys64/mingw64/bin/../lib/gcc/x86_64-w64-mingw32/11.2.0/../../../../x86_64-w64-mingw32/lib/../lib/libmingw32.a(lib64_libmingw32_a-gccmain.o)
                0x0000000140002830                __do_global_dtors
                0x0000000140002870                __do_global_ctors
                0x00000001400028e0                __main
 .text          0x0000000140002900        0x0 A:/00_SHIELD/00_ITI/00_Sources/03_GCC_Compiler/msys64/mingw64/bin/../lib/gcc/x86_64-w64-mingw32/11.2.0/../../../../x86_64-w64-mingw32/lib/../lib/libmingw32.a(lib64_libmingw32_a-natstart.o)
 .text          0x0000000140002900        0x0 A:/00_SHIELD/00_ITI/00_Sources/03_GCC_Compiler/msys64/mingw64/bin/../lib/gcc/x86_64-w64-mingw32/11.2.0/../../../../x86_64-w64-mingw32/lib/../lib/libmingw32.a(lib64_libmingw32_a-wildcard.o)
 .text          0x0000000140002900       0x10 A:/00_SHIELD/00_ITI/00_Sources/03_GCC_Compiler/msys64/mingw64/bin/../lib/gcc/x86_64-w64-mingw32/11.2.0/../../../../x86_64-w64-mingw32/lib/../lib/libmingw32.a(lib64_libmingw32_a-dllargv.o)
                0x0000000140002900                _setargv
 .text          0x0000000140002910        0x0 A:/00_SHIELD/00_ITI/00_Sources/03_GCC_Compiler/msys64/mingw64/bin/../lib/gcc/x86_64-w64-mingw32/11.2.0/../../../../x86_64-w64-mingw32/lib/../lib/libmingw32.a(lib64_libmingw32_a-_newmode.o)
 .text          0x0000000140002910       0xd0 A:/00_SHIELD/00_ITI/00_Sources/03_GCC_Compiler/msys64/mingw64/bin/../lib/gcc/x86_64-w64-mingw32/11.2.0/../../../../x86_64-w64-mingw32/lib/../lib/libmingw32.a(lib64_libmingw32_a-tlssup.o)
                0x0000000140002940                __dyn_tls_init
                0x00000001400029d0                __tlregdtor
 .text          0x00000001400029e0        0x0 A:/00_SHIELD/00_ITI/00_Sources/03_GCC_Compiler/msys64/mingw64/bin/../lib/gcc/x86_64-w64-mingw32/11.2.0/../../../../x86_64-w64-mingw32/lib/../lib/libmingw32.a(lib64_libmingw32_a-xncommod.o)
 .text          0x00000001400029e0        0x0 A:/00_SHIELD/00_ITI/00_Sources/03_GCC_Compiler/msys64/mingw64/bin/../lib/gcc/x86_64-w64-mingw32/11.2.0/../../../../x86_64-w64-mingw32/lib/../lib/libmingw32.a(lib64_libmingw32_a-cinitexe.o)
 .text          0x00000001400029e0      0x100 A:/00_SHIELD/00_ITI/00_Sources/03_GCC_Compiler/msys64/mingw64/bin/../lib/gcc/x86_64-w64-mingw32/11.2.0/../../../../x86_64-w64-mingw32/lib/../lib/libmingw32.a(lib64_libmingw32_a-merr.o)
                0x00000001400029e0                _matherr
 .text          0x0000000140002ae0       0x10 A:/00_SHIELD/00_ITI/00_Sources/03_GCC_Compiler/msys64/mingw64/bin/../lib/gcc/x86_64-w64-mingw32/11.2.0/../../../../x86_64-w64-mingw32/lib/../lib/libmingw32.a(lib64_libmingw32_a-CRT_fp10.o)
                0x0000000140002ae0                fpreset
                0x0000000140002ae0                _fpreset
 .text          0x0000000140002af0        0x0 A:/00_SHIELD/00_ITI/00_Sources/03_GCC_Compiler/msys64/mingw64/bin/../lib/gcc/x86_64-w64-mingw32/11.2.0/../../../../x86_64-w64-mingw32/lib/../lib/libmingw32.a(lib64_libmingw32_a-mingw_helpers.o)
 .text          0x0000000140002af0      0x520 A:/00_SHIELD/00_ITI/00_Sources/03_GCC_Compiler/msys64/mingw64/bin/../lib/gcc/x86_64-w64-mingw32/11.2.0/../../../../x86_64-w64-mingw32/lib/../lib/libmingw32.a(lib64_libmingw32_a-pseudo-reloc.o)
                0x0000000140002cd0                _pei386_runtime_relocator
 .text          0x0000000140003010       0x60 A:/00_SHIELD/00_ITI/00_Sources/03_GCC_Compiler/msys64/mingw64/bin/../lib/gcc/x86_64-w64-mingw32/11.2.0/../../../../x86_64-w64-mingw32/lib/../lib/libmingw32.a(lib64_libmingw32_a-usermatherr.o)
                0x0000000140003010                __mingw_raise_matherr
                0x0000000140003060                __mingw_setusermatherr
 .text          0x0000000140003070        0x0 A:/00_SHIELD/00_ITI/00_Sources/03_GCC_Compiler/msys64/mingw64/bin/../lib/gcc/x86_64-w64-mingw32/11.2.0/../../../../x86_64-w64-mingw32/lib/../lib/libmingw32.a(lib64_libmingw32_a-xtxtmode.o)
 .text          0x0000000140003070      0x1c0 A:/00_SHIELD/00_ITI/00_Sources/03_GCC_Compiler/msys64/mingw64/bin/../lib/gcc/x86_64-w64-mingw32/11.2.0/../../../../x86_64-w64-mingw32/lib/../lib/libmingw32.a(lib64_libmingw32_a-crt_handler.o)
                0x0000000140003070                _gnu_exception_handler
 .text          0x0000000140003230      0x290 A:/00_SHIELD/00_ITI/00_Sources/03_GCC_Compiler/msys64/mingw64/bin/../lib/gcc/x86_64-w64-mingw32/11.2.0/../../../../x86_64-w64-mingw32/lib/../lib/libmingw32.a(lib64_libmingw32_a-tlsthrd.o)
                0x00000001400032b0                ___w64_mingwthr_add_key_dtor
                0x0000000140003340                ___w64_mingwthr_remove_key_dtor
                0x00000001400033d0                __mingw_TLScallback
 .text          0x00000001400034c0        0x0 A:/00_SHIELD/00_ITI/00_Sources/03_GCC_Compiler/msys64/mingw64/bin/../lib/gcc/x86_64-w64-mingw32/11.2.0/../../../../x86_64-w64-mingw32/lib/../lib/libmingw32.a(lib64_libmingw32_a-tlsmcrt.o)
 .text          0x00000001400034c0        0x0 A:/00_SHIELD/00_ITI/00_Sources/03_GCC_Compiler/msys64/mingw64/bin/../lib/gcc/x86_64-w64-mingw32/11.2.0/../../../../x86_64-w64-mingw32/lib/../lib/libmingw32.a(lib64_libmingw32_a-pseudo-reloc-list.o)
 .text          0x00000001400034c0      0x3e0 A:/00_SHIELD/00_ITI/00_Sources/03_GCC_Compiler/msys64/mingw64/bin/../lib/gcc/x86_64-w64-mingw32/11.2.0/../../../../x86_64-w64-mingw32/lib/../lib/libmingw32.a(lib64_libmingw32_a-pesect.o)
                0x00000001400034c0                _ValidateImageBase
                0x00000001400034f0                _FindPESection
                0x0000000140003540                _FindPESectionByName
                0x00000001400035e0                __mingw_GetSectionForAddress
                0x0000000140003660                __mingw_GetSectionCount
                0x00000001400036a0                _FindPESectionExec
                0x0000000140003710                _GetPEImageBase
                0x0000000140003750                _IsNonwritableInCurrentImage
                0x00000001400037e0                __mingw_enum_import_library_names
 .text          0x00000001400038a0        0x8 A:/00_SHIELD/00_ITI/00_Sources/03_GCC_Compiler/msys64/mingw64/bin/../lib/gcc/x86_64-w64-mingw32/11.2.0/libgcc_s.a(d000015.o)
                0x00000001400038a0                _Unwind_Resume
 *fill*         0x00000001400038a8        0x8 
 .text          0x00000001400038b0       0x40 A:/00_SHIELD/00_ITI/00_Sources/03_GCC_Compiler/msys64/mingw64/bin/../lib/gcc/x86_64-w64-mingw32/11.2.0/libgcc.a(_chkstk_ms.o)
                0x00000001400038b0                ___chkstk_ms
 .text          0x00000001400038f0        0x0 A:/00_SHIELD/00_ITI/00_Sources/03_GCC_Compiler/msys64/mingw64/bin/../lib/gcc/x86_64-w64-mingw32/11.2.0/libgcc.a(_ctors.o)
 .text          0x00000001400038f0        0x0 A:/00_SHIELD/00_ITI/00_Sources/03_GCC_Compiler/msys64/mingw64/bin/../lib/gcc/x86_64-w64-mingw32/11.2.0/../../../../x86_64-w64-mingw32/lib/../lib/libmingwex.a(lib64_libmingwex_a-mingw_matherr.o)
 .text          0x00000001400038f0       0x10 A:/00_SHIELD/00_ITI/00_Sources/03_GCC_Compiler/msys64/mingw64/bin/../lib/gcc/x86_64-w64-mingw32/11.2.0/../../../../x86_64-w64-mingw32/lib/../lib/libmsvcrt.a(lib64_libmsvcrt_extra_a-__p__fmode.o)
                0x00000001400038f0                __p__fmode
 .text          0x0000000140003900       0x10 A:/00_SHIELD/00_ITI/00_Sources/03_GCC_Compiler/msys64/mingw64/bin/../lib/gcc/x86_64-w64-mingw32/11.2.0/../../../../x86_64-w64-mingw32/lib/../lib/libmsvcrt.a(lib64_libmsvcrt_extra_a-__p__commode.o)
                0x0000000140003900                __p__commode
 .text          0x0000000140003910       0x10 A:/00_SHIELD/00_ITI/00_Sources/03_GCC_Compiler/msys64/mingw64/bin/../lib/gcc/x86_64-w64-mingw32/11.2.0/../../../../x86_64-w64-mingw32/lib/../lib/libmsvcrt.a(lib64_libmsvcrt_extra_a-__p__acmdln.o)
                0x0000000140003910                __p__acmdln
 .text          0x0000000140003920       0x20 A:/00_SHIELD/00_ITI/00_Sources/03_GCC_Compiler/msys64/mingw64/bin/../lib/gcc/x86_64-w64-mingw32/11.2.0/../../../../x86_64-w64-mingw32/lib/../lib/libmsvcrt.a(lib64_libmsvcrt_extra_a-invalid_parameter_handler.o)
                0x0000000140003920                _get_invalid_parameter_handler
                0x0000000140003930                _set_invalid_parameter_handler
 .text          0x0000000140003940       0x20 A:/00_SHIELD/00_ITI/00_Sources/03_GCC_Compiler/msys64/mingw64/bin/../lib/gcc/x86_64-w64-mingw32/11.2.0/../../../../x86_64-w64-mingw32/lib/../lib/libmsvcrt.a(lib64_libmsvcrt_common_a-acrt_iob_func.o)
                0x0000000140003940                __acrt_iob_func
 .text          0x0000000140003960        0x8 A:/00_SHIELD/00_ITI/00_Sources/03_GCC_Compiler/msys64/mingw64/bin/../lib/gcc/x86_64-w64-mingw32/11.2.0/../../../../x86_64-w64-mingw32/lib/../lib/libmsvcrt.a(libmsvcrt_defs00055.o)
                0x0000000140003960                __C_specific_handler
 .text          0x0000000140003968        0x8 A:/00_SHIELD/00_ITI/00_Sources/03_GCC_Compiler/msys64/mingw64/bin/../lib/gcc/x86_64-w64-mingw32/11.2.0/../../../../x86_64-w64-mingw32/lib/../lib/libmsvcrt.a(libmsvcrt_defs00081.o)
                0x0000000140003968                __getmainargs
 .text          0x0000000140003970        0x0 A:/00_SHIELD/00_ITI/00_Sources/03_GCC_Compiler/msys64/mingw64/bin/../lib/gcc/x86_64-w64-mingw32/11.2.0/../../../../x86_64-w64-mingw32/lib/../lib/libmsvcrt.a(libmsvcrt_defs00082.o)
 .text          0x0000000140003970        0x8 A:/00_SHIELD/00_ITI/00_Sources/03_GCC_Compiler/msys64/mingw64/bin/../lib/gcc/x86_64-w64-mingw32/11.2.0/../../../../x86_64-w64-mingw32/lib/../lib/libmsvcrt.a(libmsvcrt_defs00083.o)
                0x0000000140003970                __iob_func
 .text          0x0000000140003978        0x8 A:/00_SHIELD/00_ITI/00_Sources/03_GCC_Compiler/msys64/mingw64/bin/../lib/gcc/x86_64-w64-mingw32/11.2.0/../../../../x86_64-w64-mingw32/lib/../lib/libmsvcrt.a(libmsvcrt_defs00097.o)
                0x0000000140003978                __set_app_type
 .text          0x0000000140003980        0x8 A:/00_SHIELD/00_ITI/00_Sources/03_GCC_Compiler/msys64/mingw64/bin/../lib/gcc/x86_64-w64-mingw32/11.2.0/../../../../x86_64-w64-mingw32/lib/../lib/libmsvcrt.a(libmsvcrt_defs00099.o)
                0x0000000140003980                __setusermatherr
 .text          0x0000000140003988        0x0 A:/00_SHIELD/00_ITI/00_Sources/03_GCC_Compiler/msys64/mingw64/bin/../lib/gcc/x86_64-w64-mingw32/11.2.0/../../../../x86_64-w64-mingw32/lib/../lib/libmsvcrt.a(libmsvcrt_defs00116.o)
 .text          0x0000000140003988        0x8 A:/00_SHIELD/00_ITI/00_Sources/03_GCC_Compiler/msys64/mingw64/bin/../lib/gcc/x86_64-w64-mingw32/11.2.0/../../../../x86_64-w64-mingw32/lib/../lib/libmsvcrt.a(libmsvcrt_defs00123.o)
                0x0000000140003988                _amsg_exit
 .text          0x0000000140003990        0x8 A:/00_SHIELD/00_ITI/00_Sources/03_GCC_Compiler/msys64/mingw64/bin/../lib/gcc/x86_64-w64-mingw32/11.2.0/../../../../x86_64-w64-mingw32/lib/../lib/libmsvcrt.a(libmsvcrt_defs00141.o)
                0x0000000140003990                _cexit
 .text          0x0000000140003998        0x0 A:/00_SHIELD/00_ITI/00_Sources/03_GCC_Compiler/msys64/mingw64/bin/../lib/gcc/x86_64-w64-mingw32/11.2.0/../../../../x86_64-w64-mingw32/lib/../lib/libmsvcrt.a(libmsvcrt_defs00157.o)
 .text          0x0000000140003998        0x8 A:/00_SHIELD/00_ITI/00_Sources/03_GCC_Compiler/msys64/mingw64/bin/../lib/gcc/x86_64-w64-mingw32/11.2.0/../../../../x86_64-w64-mingw32/lib/../lib/libmsvcrt.a(libmsvcrt_defs00204.o)
                0x0000000140003998                _errno
 .text          0x00000001400039a0        0x0 A:/00_SHIELD/00_ITI/00_Sources/03_GCC_Compiler/msys64/mingw64/bin/../lib/gcc/x86_64-w64-mingw32/11.2.0/../../../../x86_64-w64-mingw32/lib/../lib/libmsvcrt.a(libmsvcrt_defs00254.o)
 .text          0x00000001400039a0        0x8 A:/00_SHIELD/00_ITI/00_Sources/03_GCC_Compiler/msys64/mingw64/bin/../lib/gcc/x86_64-w64-mingw32/11.2.0/../../../../x86_64-w64-mingw32/lib/../lib/libmsvcrt.a(libmsvcrt_defs00332.o)
                0x00000001400039a0                _initterm
 .text          0x00000001400039a8        0x8 A:/00_SHIELD/00_ITI/00_Sources/03_GCC_Compiler/msys64/mingw64/bin/../lib/gcc/x86_64-w64-mingw32/11.2.0/../../../../x86_64-w64-mingw32/lib/../lib/libmsvcrt.a(libmsvcrt_defs00614.o)
                0x00000001400039a8                _onexit
 .text          0x00000001400039b0        0x8 A:/00_SHIELD/00_ITI/00_Sources/03_GCC_Compiler/msys64/mingw64/bin/../lib/gcc/x86_64-w64-mingw32/11.2.0/../../../../x86_64-w64-mingw32/lib/../lib/libmsvcrt.a(libmsvcrt_defs01038.o)
                0x00000001400039b0                abort
 .text          0x00000001400039b8        0x8 A:/00_SHIELD/00_ITI/00_Sources/03_GCC_Compiler/msys64/mingw64/bin/../lib/gcc/x86_64-w64-mingw32/11.2.0/../../../../x86_64-w64-mingw32/lib/../lib/libmsvcrt.a(libmsvcrt_defs01056.o)
                0x00000001400039b8                calloc
 .text          0x00000001400039c0        0x8 A:/00_SHIELD/00_ITI/00_Sources/03_GCC_Compiler/msys64/mingw64/bin/../lib/gcc/x86_64-w64-mingw32/11.2.0/../../../../x86_64-w64-mingw32/lib/../lib/libmsvcrt.a(libmsvcrt_defs01069.o)
                0x00000001400039c0                exit
 .text          0x00000001400039c8        0x8 A:/00_SHIELD/00_ITI/00_Sources/03_GCC_Compiler/msys64/mingw64/bin/../lib/gcc/x86_64-w64-mingw32/11.2.0/../../../../x86_64-w64-mingw32/lib/../lib/libmsvcrt.a(libmsvcrt_defs01077.o)
                0x00000001400039c8                fflush
 .text          0x00000001400039d0        0x8 A:/00_SHIELD/00_ITI/00_Sources/03_GCC_Compiler/msys64/mingw64/bin/../lib/gcc/x86_64-w64-mingw32/11.2.0/../../../../x86_64-w64-mingw32/lib/../lib/libmsvcrt.a(libmsvcrt_defs01090.o)
                0x00000001400039d0                fprintf
 .text          0x00000001400039d8        0x8 A:/00_SHIELD/00_ITI/00_Sources/03_GCC_Compiler/msys64/mingw64/bin/../lib/gcc/x86_64-w64-mingw32/11.2.0/../../../../x86_64-w64-mingw32/lib/../lib/libmsvcrt.a(libmsvcrt_defs01097.o)
                0x00000001400039d8                free
 .text          0x00000001400039e0        0x8 A:/00_SHIELD/00_ITI/00_Sources/03_GCC_Compiler/msys64/mingw64/bin/../lib/gcc/x86_64-w64-mingw32/11.2.0/../../../../x86_64-w64-mingw32/lib/../lib/libmsvcrt.a(libmsvcrt_defs01110.o)
                0x00000001400039e0                fwrite
 .text          0x00000001400039e8        0x8 A:/00_SHIELD/00_ITI/00_Sources/03_GCC_Compiler/msys64/mingw64/bin/../lib/gcc/x86_64-w64-mingw32/11.2.0/../../../../x86_64-w64-mingw32/lib/../lib/libmsvcrt.a(libmsvcrt_defs01158.o)
                0x00000001400039e8                malloc
 .text          0x00000001400039f0        0x8 A:/00_SHIELD/00_ITI/00_Sources/03_GCC_Compiler/msys64/mingw64/bin/../lib/gcc/x86_64-w64-mingw32/11.2.0/../../../../x86_64-w64-mingw32/lib/../lib/libmsvcrt.a(libmsvcrt_defs01166.o)
                0x00000001400039f0                memcpy
 .text          0x00000001400039f8        0x8 A:/00_SHIELD/00_ITI/00_Sources/03_GCC_Compiler/msys64/mingw64/bin/../lib/gcc/x86_64-w64-mingw32/11.2.0/../../../../x86_64-w64-mingw32/lib/../lib/libmsvcrt.a(libmsvcrt_defs01198.o)
                0x00000001400039f8                signal
 .text          0x0000000140003a00        0x8 A:/00_SHIELD/00_ITI/00_Sources/03_GCC_Compiler/msys64/mingw64/bin/../lib/gcc/x86_64-w64-mingw32/11.2.0/../../../../x86_64-w64-mingw32/lib/../lib/libmsvcrt.a(libmsvcrt_defs01221.o)
                0x0000000140003a00                strlen
 .text          0x0000000140003a08        0x8 A:/00_SHIELD/00_ITI/00_Sources/03_GCC_Compiler/msys64/mingw64/bin/../lib/gcc/x86_64-w64-mingw32/11.2.0/../../../../x86_64-w64-mingw32/lib/../lib/libmsvcrt.a(libmsvcrt_defs01224.o)
                0x0000000140003a08                strncmp
 .text          0x0000000140003a10        0x8 A:/00_SHIELD/00_ITI/00_Sources/03_GCC_Compiler/msys64/mingw64/bin/../lib/gcc/x86_64-w64-mingw32/11.2.0/../../../../x86_64-w64-mingw32/lib/../lib/libmsvcrt.a(libmsvcrt_defs01235.o)
                0x0000000140003a10                strtol
 .text          0x0000000140003a18        0x8 A:/00_SHIELD/00_ITI/00_Sources/03_GCC_Compiler/msys64/mingw64/bin/../lib/gcc/x86_64-w64-mingw32/11.2.0/../../../../x86_64-w64-mingw32/lib/../lib/libmsvcrt.a(libmsvcrt_defs01259.o)
                0x0000000140003a18                vfprintf
 .text          0x0000000140003a20        0x0 A:/00_SHIELD/00_ITI/00_Sources/03_GCC_Compiler/msys64/mingw64/bin/../lib/gcc/x86_64-w64-mingw32/11.2.0/../../../../x86_64-w64-mingw32/lib/../lib/libmsvcrt.a(libmsvcrt_defh.o)
 .text          0x0000000140003a20        0x0 A:/00_SHIELD/00_ITI/00_Sources/03_GCC_Compiler/msys64/mingw64/bin/../lib/gcc/x86_64-w64-mingw32/11.2.0/../../../../x86_64-w64-mingw32/lib/../lib/libmsvcrt.a(libmsvcrt_deft.o)
 .text          0x0000000140003a20        0x8 A:/00_SHIELD/00_ITI/00_Sources/03_GCC_Compiler/msys64/mingw64/bin/../lib/gcc/x86_64-w64-mingw32/11.2.0/../../../../x86_64-w64-mingw32/lib/../lib/libkernel32.a(libkernel32s01493.o)
                0x0000000140003a20                VirtualQuery
 .text          0x0000000140003a28        0x8 A:/00_SHIELD/00_ITI/00_Sources/03_GCC_Compiler/msys64/mingw64/bin/../lib/gcc/x86_64-w64-mingw32/11.2.0/../../../../x86_64-w64-mingw32/lib/../lib/libkernel32.a(libkernel32s01491.o)
                0x0000000140003a28                VirtualProtect
 .text          0x0000000140003a30        0x8 A:/00_SHIELD/00_ITI/00_Sources/03_GCC_Compiler/msys64/mingw64/bin/../lib/gcc/x86_64-w64-mingw32/11.2.0/../../../../x86_64-w64-mingw32/lib/../lib/libkernel32.a(libkernel32s01444.o)
                0x0000000140003a30                TlsGetValue
 .text          0x0000000140003a38        0x8 A:/00_SHIELD/00_ITI/00_Sources/03_GCC_Compiler/msys64/mingw64/bin/../lib/gcc/x86_64-w64-mingw32/11.2.0/../../../../x86_64-w64-mingw32/lib/../lib/libkernel32.a(libkernel32s01409.o)
                0x0000000140003a38                Sleep
 .text          0x0000000140003a40        0x8 A:/00_SHIELD/00_ITI/00_Sources/03_GCC_Compiler/msys64/mingw64/bin/../lib/gcc/x86_64-w64-mingw32/11.2.0/../../../../x86_64-w64-mingw32/lib/../lib/libkernel32.a(libkernel32s01393.o)
                0x0000000140003a40                SetUnhandledExceptionFilter
 .text          0x0000000140003a48        0x8 A:/00_SHIELD/00_ITI/00_Sources/03_GCC_Compiler/msys64/mingw64/bin/../lib/gcc/x86_64-w64-mingw32/11.2.0/../../../../x86_64-w64-mingw32/lib/../lib/libkernel32.a(libkernel32s00983.o)
                0x0000000140003a48                LeaveCriticalSection
 .text          0x0000000140003a50        0x8 A:/00_SHIELD/00_ITI/00_Sources/03_GCC_Compiler/msys64/mingw64/bin/../lib/gcc/x86_64-w64-mingw32/11.2.0/../../../../x86_64-w64-mingw32/lib/../lib/libkernel32.a(libkernel32s00891.o)
                0x0000000140003a50                InitializeCriticalSection
 .text          0x0000000140003a58        0x8 A:/00_SHIELD/00_ITI/00_Sources/03_GCC_Compiler/msys64/mingw64/bin/../lib/gcc/x86_64-w64-mingw32/11.2.0/../../../../x86_64-w64-mingw32/lib/../lib/libkernel32.a(libkernel32s00742.o)
                0x0000000140003a58                GetStartupInfoA
 .text          0x0000000140003a60        0x8 A:/00_SHIELD/00_ITI/00_Sources/03_GCC_Compiler/msys64/mingw64/bin/../lib/gcc/x86_64-w64-mingw32/11.2.0/../../../../x86_64-w64-mingw32/lib/../lib/libkernel32.a(libkernel32s00629.o)
                0x0000000140003a60                GetLastError
 .text          0x0000000140003a68        0x8 A:/00_SHIELD/00_ITI/00_Sources/03_GCC_Compiler/msys64/mingw64/bin/../lib/gcc/x86_64-w64-mingw32/11.2.0/../../../../x86_64-w64-mingw32/lib/../lib/libkernel32.a(libkernel32s00318.o)
                0x0000000140003a68                EnterCriticalSection
 .text          0x0000000140003a70        0x8 A:/00_SHIELD/00_ITI/00_Sources/03_GCC_Compiler/msys64/mingw64/bin/../lib/gcc/x86_64-w64-mingw32/11.2.0/../../../../x86_64-w64-mingw32/lib/../lib/libkernel32.a(libkernel32s00282.o)
                0x0000000140003a70                DeleteCriticalSection
 *fill*         0x0000000140003a78        0x8 
 .text          0x0000000140003a80        0x0 A:/00_SHIELD/00_ITI/00_Sources/03_GCC_Compiler/msys64/mingw64/bin/../lib/gcc/x86_64-w64-mingw32/11.2.0/../../../../x86_64-w64-mingw32/lib/../lib/libkernel32.a(libkernel32h.o)
 .text          0x0000000140003a80        0x0 A:/00_SHIELD/00_ITI/00_Sources/03_GCC_Compiler/msys64/mingw64/bin/../lib/gcc/x86_64-w64-mingw32/11.2.0/../../../../x86_64-w64-mingw32/lib/../lib/libkernel32.a(libkernel32t.o)
 .text          0x0000000140003a80        0x0 A:/00_SHIELD/00_ITI/00_Sources/03_GCC_Compiler/msys64/mingw64/bin/../lib/gcc/x86_64-w64-mingw32/11.2.0/crtend.o
 *(SORT_BY_NAME(.text$*))
 .text$_ZN9__gnu_cxx11char_traitsIcE2eqERKcS3_
                0x0000000140003a80       0x30 C:\Users\mmich\AppData\Local\Temp\ccqFG82y.o
                0x0000000140003a80                __gnu_cxx::char_traits<char>::eq(char const&, char const&)
 .text$_ZN9__gnu_cxx11char_traitsIcE6lengthEPKc
                0x0000000140003ab0       0x50 C:\Users\mmich\AppData\Local\Temp\ccqFG82y.o
                0x0000000140003ab0                __gnu_cxx::char_traits<char>::length(char const*)
 .text$_ZN9__gnu_cxx17__is_null_pointerIKcEEbPT_
                0x0000000140003b00       0x20 C:\Users\mmich\AppData\Local\Temp\ccqFG82y.o
                0x0000000140003b00                bool __gnu_cxx::__is_null_pointer<char const>(char const*)
 .text$_ZN9__gnu_cxx6__stoaIlicJiEEET0_PFT_PKT1_PPS3_DpT2_EPKcS5_PyS9_
                0x0000000140003b20       0xf0 C:\Users\mmich\AppData\Local\Temp\ccqFG82y.o
                0x0000000140003b20                int __gnu_cxx::__stoa<long, int, char, int>(long (*)(char const*, char**, int), char const*, char const*, unsigned long long*, int)
 .text$_ZNSt11char_traitsIcE6lengthEPKc
                0x0000000140003c10       0x40 C:\Users\mmich\AppData\Local\Temp\ccqFG82y.o
                0x0000000140003c10                std::char_traits<char>::length(char const*)
 .text$_ZNSt7__cxx1112basic_stringIcSt11char_traitsIcESaIcEE12_Alloc_hiderD1Ev
                0x0000000140003c50       0x20 C:\Users\mmich\AppData\Local\Temp\ccqFG82y.o
                0x0000000140003c50                std::__cxx11::basic_string<char, std::char_traits<char>, std::allocator<char> >::_Alloc_hider::~_Alloc_hider()
 .text$_ZNSt7__cxx1112basic_stringIcSt11char_traitsIcESaIcEE12_M_constructIPKcEEvT_S8_St20forward_iterator_tag
                0x0000000140003c70      0x110 C:\Users\mmich\AppData\Local\Temp\ccqFG82y.o
                0x0000000140003c70                void std::__cxx11::basic_string<char, std::char_traits<char>, std::allocator<char> >::_M_construct<char const*>(char const*, char const*, std::forward_iterator_tag)
 .text$_ZNSt7__cxx1112basic_stringIcSt11char_traitsIcESaIcEEC1IS3_EEPKcRKS3_
                0x0000000140003d80       0xa0 C:\Users\mmich\AppData\Local\Temp\ccqFG82y.o
                0x0000000140003d80                std::__cxx11::basic_string<char, std::char_traits<char>, std::allocator<char> >::basic_string<std::allocator<char> >(char const*, std::allocator<char> const&)
 .text$_ZNSt7__cxx1112basic_stringIcSt11char_traitsIcESaIcEEC1IS3_EEycRKS3_
                0x0000000140003e20       0x80 C:\Users\mmich\AppData\Local\Temp\ccqFG82y.o
                0x0000000140003e20                std::__cxx11::basic_string<char, std::char_traits<char>, std::allocator<char> >::basic_string<std::allocator<char> >(unsigned long long, char, std::allocator<char> const&)
 .text$_ZNSt7__cxx114stoiERKNS_12basic_stringIcSt11char_traitsIcESaIcEEEPyi
                0x0000000140003ea0       0x50 C:\Users\mmich\AppData\Local\Temp\ccqFG82y.o
                0x0000000140003ea0                std::__cxx11::stoi(std::__cxx11::basic_string<char, std::char_traits<char>, std::allocator<char> > const&, unsigned long long*, int)
 .text$_ZNSt7__cxx119to_stringEl
                0x0000000140003ef0       0xe0 C:\Users\mmich\AppData\Local\Temp\ccqFG82y.o
                0x0000000140003ef0                std::__cxx11::to_string(long)
 .text$_ZNSt8__detail14__to_chars_lenImEEjT_i
                0x0000000140003fd0       0x90 C:\Users\mmich\AppData\Local\Temp\ccqFG82y.o
                0x0000000140003fd0                unsigned int std::__detail::__to_chars_len<unsigned long>(unsigned long, int)
 .text$_ZNSt8__detail18__to_chars_10_implImEEvPcjT_
                0x0000000140004060      0x100 C:\Users\mmich\AppData\Local\Temp\ccqFG82y.o
                0x0000000140004060                void std::__detail::__to_chars_10_impl<unsigned long>(char*, unsigned int, unsigned long)
 .text$_ZSt10__distanceIPKcENSt15iterator_traitsIT_E15difference_typeES3_S3_St26random_access_iterator_tag
                0x0000000140004160       0x20 C:\Users\mmich\AppData\Local\Temp\ccqFG82y.o
                0x0000000140004160                std::iterator_traits<char const*>::difference_type std::__distance<char const*>(char const*, char const*, std::random_access_iterator_tag)
 .text$_ZSt19__iterator_categoryIPKcENSt15iterator_traitsIT_E17iterator_categoryERKS3_
                0x0000000140004180       0x10 C:\Users\mmich\AppData\Local\Temp\ccqFG82y.o
                0x0000000140004180                std::iterator_traits<char const*>::iterator_category std::__iterator_category<char const*>(char const* const&)
 .text$_ZSt4moveIRNSt7__cxx1112basic_stringIcSt11char_traitsIcESaIcEEEEONSt16remove_referenceIT_E4typeEOS8_
                0x0000000140004190       0x10 C:\Users\mmich\AppData\Local\Temp\ccqFG82y.o
                0x0000000140004190                std::remove_reference<std::__cxx11::basic_string<char, std::char_traits<char>, std::allocator<char> >&>::type&& std::move<std::__cxx11::basic_string<char, std::char_traits<char>, std::allocator<char> >&>(std::__cxx11::basic_string<char, std::char_traits<char>, std::allocator<char> >&)
 .text$_ZSt8distanceIPKcENSt15iterator_traitsIT_E15difference_typeES3_S3_
                0x00000001400041a0       0x40 C:\Users\mmich\AppData\Local\Temp\ccqFG82y.o
                0x00000001400041a0                std::iterator_traits<char const*>::difference_type std::distance<char const*>(char const*, char const*)
 .text$_ZSteqIcSt11char_traitsIcESaIcEEbRKNSt7__cxx1112basic_stringIT_T0_T1_EEPKS5_
                0x00000001400041e0       0x30 C:\Users\mmich\AppData\Local\Temp\ccqFG82y.o
                0x00000001400041e0                bool std::operator==<char, std::char_traits<char>, std::allocator<char> >(std::__cxx11::basic_string<char, std::char_traits<char>, std::allocator<char> > const&, char const*)
 .text$_ZStorSt13_Ios_OpenmodeS_
                0x0000000140004210       0x20 C:\Users\mmich\AppData\Local\Temp\ccqFG82y.o
                0x0000000140004210                std::operator|(std::_Ios_Openmode, std::_Ios_Openmode)
 .text$_ZStplIcSt11char_traitsIcESaIcEENSt7__cxx1112basic_stringIT_T0_T1_EEOS8_S9_
                0x0000000140004230       0xe0 C:\Users\mmich\AppData\Local\Temp\ccqFG82y.o
                0x0000000140004230                std::__cxx11::basic_string<char, std::char_traits<char>, std::allocator<char> > std::operator+<char, std::char_traits<char>, std::allocator<char> >(std::__cxx11::basic_string<char, std::char_traits<char>, std::allocator<char> >&&, std::__cxx11::basic_string<char, std::char_traits<char>, std::allocator<char> >&&)
 .text$_ZZN9__gnu_cxx6__stoaIlicJiEEET0_PFT_PKT1_PPS3_DpT2_EPKcS5_PyS9_EN10_Range_chk6_S_chkElSt17integral_constantIbLb1EE
                0x0000000140004310       0x10 C:\Users\mmich\AppData\Local\Temp\ccqFG82y.o
                0x0000000140004310                __gnu_cxx::__stoa<long, int, char, int>(long (*)(char const*, char**, int), char const*, char const*, unsigned long long*, int)::_Range_chk::_S_chk(long, std::integral_constant<bool, true>)
 .text$_ZZN9__gnu_cxx6__stoaIlicJiEEET0_PFT_PKT1_PPS3_DpT2_EPKcS5_PyS9_EN11_Save_errnoC1Ev
                0x0000000140004320       0x40 C:\Users\mmich\AppData\Local\Temp\ccqFG82y.o
                0x0000000140004320                __gnu_cxx::__stoa<long, int, char, int>(long (*)(char const*, char**, int), char const*, char const*, unsigned long long*, int)::_Save_errno::_Save_errno()
 .text$_ZZN9__gnu_cxx6__stoaIlicJiEEET0_PFT_PKT1_PPS3_DpT2_EPKcS5_PyS9_EN11_Save_errnoD1Ev
                0x0000000140004360       0x40 C:\Users\mmich\AppData\Local\Temp\ccqFG82y.o
                0x0000000140004360                __gnu_cxx::__stoa<long, int, char, int>(long (*)(char const*, char**, int), char const*, char const*, unsigned long long*, int)::_Save_errno::~_Save_errno()
 *(.text.*)
 .text.startup  0x00000001400043a0       0x10 A:/00_SHIELD/00_ITI/00_Sources/03_GCC_Compiler/msys64/mingw64/bin/../lib/gcc/x86_64-w64-mingw32/11.2.0/crtend.o
 *(.gnu.linkonce.t.*)
 *(.glue_7t)
 *(.glue_7)
                0x00000001400043b0                . = ALIGN (0x8)
                0x00000001400043b0                ___CTOR_LIST__ = .
                0x00000001400043b0                __CTOR_LIST__ = .
                0x00000001400043b0        0x4 LONG 0xffffffffffffffff
                0x00000001400043b4        0x4 LONG 0xffffffffffffffff
 *(.ctors)
 .ctors         0x00000001400043b8        0x8 C:\Users\mmich\AppData\Local\Temp\ccqFG82y.o
 *(.ctor)
 *(SORT_BY_NAME(.ctors.*))
 .ctors.65535   0x00000001400043c0        0x8 A:/00_SHIELD/00_ITI/00_Sources/03_GCC_Compiler/msys64/mingw64/bin/../lib/gcc/x86_64-w64-mingw32/11.2.0/crtend.o
                0x00000001400043c8        0x4 LONG 0x0
                0x00000001400043cc        0x4 LONG 0x0
                0x00000001400043d0                ___DTOR_LIST__ = .
                0x00000001400043d0                __DTOR_LIST__ = .
                0x00000001400043d0        0x4 LONG 0xffffffffffffffff
                0x00000001400043d4        0x4 LONG 0xffffffffffffffff
 *(.dtors)
 *(.dtor)
 *(SORT_BY_NAME(.dtors.*))
                0x00000001400043d8        0x4 LONG 0x0
                0x00000001400043dc        0x4 LONG 0x0
 *(SORT_NONE(.fini))
 *(.gcc_exc)
                [!provide]                        PROVIDE (etext = .)
 *(.gcc_except_table)

.data           0x0000000140005000      0x200
                0x0000000140005000                __data_start__ = .
 *(.data)
 .data          0x0000000140005000       0x10 A:/00_SHIELD/00_ITI/00_Sources/03_GCC_Compiler/msys64/mingw64/bin/../lib/gcc/x86_64-w64-mingw32/11.2.0/../../../../x86_64-w64-mingw32/lib/../lib/crt2.o
                0x0000000140005000                __mingw_winmain_nShowCmd
 .data          0x0000000140005010        0x0 A:/00_SHIELD/00_ITI/00_Sources/03_GCC_Compiler/msys64/mingw64/bin/../lib/gcc/x86_64-w64-mingw32/11.2.0/crtbegin.o
 .data          0x0000000140005010        0x0 C:\Users\mmich\AppData\Local\Temp\ccqFG82y.o
 .data          0x0000000140005010       0x10 A:/00_SHIELD/00_ITI/00_Sources/03_GCC_Compiler/msys64/mingw64/bin/../lib/gcc/x86_64-w64-mingw32/11.2.0/../../../../x86_64-w64-mingw32/lib/../lib/libmingw32.a(lib64_libmingw32_a-gccmain.o)
 .data          0x0000000140005020       0x10 A:/00_SHIELD/00_ITI/00_Sources/03_GCC_Compiler/msys64/mingw64/bin/../lib/gcc/x86_64-w64-mingw32/11.2.0/../../../../x86_64-w64-mingw32/lib/../lib/libmingw32.a(lib64_libmingw32_a-natstart.o)
                0x0000000140005020                __native_vcclrit_reason
                0x0000000140005024                __native_dllmain_reason
 .data          0x0000000140005030       0x10 A:/00_SHIELD/00_ITI/00_Sources/03_GCC_Compiler/msys64/mingw64/bin/../lib/gcc/x86_64-w64-mingw32/11.2.0/../../../../x86_64-w64-mingw32/lib/../lib/libmingw32.a(lib64_libmingw32_a-wildcard.o)
                0x0000000140005030                _dowildcard
 .data          0x0000000140005040        0x0 A:/00_SHIELD/00_ITI/00_Sources/03_GCC_Compiler/msys64/mingw64/bin/../lib/gcc/x86_64-w64-mingw32/11.2.0/../../../../x86_64-w64-mingw32/lib/../lib/libmingw32.a(lib64_libmingw32_a-dllargv.o)
 .data          0x0000000140005040        0x0 A:/00_SHIELD/00_ITI/00_Sources/03_GCC_Compiler/msys64/mingw64/bin/../lib/gcc/x86_64-w64-mingw32/11.2.0/../../../../x86_64-w64-mingw32/lib/../lib/libmingw32.a(lib64_libmingw32_a-_newmode.o)
 .data          0x0000000140005040        0x0 A:/00_SHIELD/00_ITI/00_Sources/03_GCC_Compiler/msys64/mingw64/bin/../lib/gcc/x86_64-w64-mingw32/11.2.0/../../../../x86_64-w64-mingw32/lib/../lib/libmingw32.a(lib64_libmingw32_a-tlssup.o)
 .data          0x0000000140005040        0x0 A:/00_SHIELD/00_ITI/00_Sources/03_GCC_Compiler/msys64/mingw64/bin/../lib/gcc/x86_64-w64-mingw32/11.2.0/../../../../x86_64-w64-mingw32/lib/../lib/libmingw32.a(lib64_libmingw32_a-xncommod.o)
 .data          0x0000000140005040        0x0 A:/00_SHIELD/00_ITI/00_Sources/03_GCC_Compiler/msys64/mingw64/bin/../lib/gcc/x86_64-w64-mingw32/11.2.0/../../../../x86_64-w64-mingw32/lib/../lib/libmingw32.a(lib64_libmingw32_a-cinitexe.o)
 .data          0x0000000140005040        0x0 A:/00_SHIELD/00_ITI/00_Sources/03_GCC_Compiler/msys64/mingw64/bin/../lib/gcc/x86_64-w64-mingw32/11.2.0/../../../../x86_64-w64-mingw32/lib/../lib/libmingw32.a(lib64_libmingw32_a-merr.o)
 .data          0x0000000140005040        0x0 A:/00_SHIELD/00_ITI/00_Sources/03_GCC_Compiler/msys64/mingw64/bin/../lib/gcc/x86_64-w64-mingw32/11.2.0/../../../../x86_64-w64-mingw32/lib/../lib/libmingw32.a(lib64_libmingw32_a-CRT_fp10.o)
 .data          0x0000000140005040        0x0 A:/00_SHIELD/00_ITI/00_Sources/03_GCC_Compiler/msys64/mingw64/bin/../lib/gcc/x86_64-w64-mingw32/11.2.0/../../../../x86_64-w64-mingw32/lib/../lib/libmingw32.a(lib64_libmingw32_a-mingw_helpers.o)
 .data          0x0000000140005040        0x0 A:/00_SHIELD/00_ITI/00_Sources/03_GCC_Compiler/msys64/mingw64/bin/../lib/gcc/x86_64-w64-mingw32/11.2.0/../../../../x86_64-w64-mingw32/lib/../lib/libmingw32.a(lib64_libmingw32_a-pseudo-reloc.o)
 .data          0x0000000140005040        0x0 A:/00_SHIELD/00_ITI/00_Sources/03_GCC_Compiler/msys64/mingw64/bin/../lib/gcc/x86_64-w64-mingw32/11.2.0/../../../../x86_64-w64-mingw32/lib/../lib/libmingw32.a(lib64_libmingw32_a-usermatherr.o)
 .data          0x0000000140005040        0x0 A:/00_SHIELD/00_ITI/00_Sources/03_GCC_Compiler/msys64/mingw64/bin/../lib/gcc/x86_64-w64-mingw32/11.2.0/../../../../x86_64-w64-mingw32/lib/../lib/libmingw32.a(lib64_libmingw32_a-xtxtmode.o)
 .data          0x0000000140005040        0x0 A:/00_SHIELD/00_ITI/00_Sources/03_GCC_Compiler/msys64/mingw64/bin/../lib/gcc/x86_64-w64-mingw32/11.2.0/../../../../x86_64-w64-mingw32/lib/../lib/libmingw32.a(lib64_libmingw32_a-crt_handler.o)
 .data          0x0000000140005040        0x0 A:/00_SHIELD/00_ITI/00_Sources/03_GCC_Compiler/msys64/mingw64/bin/../lib/gcc/x86_64-w64-mingw32/11.2.0/../../../../x86_64-w64-mingw32/lib/../lib/libmingw32.a(lib64_libmingw32_a-tlsthrd.o)
 .data          0x0000000140005040       0x10 A:/00_SHIELD/00_ITI/00_Sources/03_GCC_Compiler/msys64/mingw64/bin/../lib/gcc/x86_64-w64-mingw32/11.2.0/../../../../x86_64-w64-mingw32/lib/../lib/libmingw32.a(lib64_libmingw32_a-tlsmcrt.o)
                0x0000000140005040                _CRT_MT
 .data          0x0000000140005050        0x0 A:/00_SHIELD/00_ITI/00_Sources/03_GCC_Compiler/msys64/mingw64/bin/../lib/gcc/x86_64-w64-mingw32/11.2.0/../../../../x86_64-w64-mingw32/lib/../lib/libmingw32.a(lib64_libmingw32_a-pseudo-reloc-list.o)
 .data          0x0000000140005050        0x0 A:/00_SHIELD/00_ITI/00_Sources/03_GCC_Compiler/msys64/mingw64/bin/../lib/gcc/x86_64-w64-mingw32/11.2.0/../../../../x86_64-w64-mingw32/lib/../lib/libmingw32.a(lib64_libmingw32_a-pesect.o)
 .data          0x0000000140005050        0x0 A:/00_SHIELD/00_ITI/00_Sources/03_GCC_Compiler/msys64/mingw64/bin/../lib/gcc/x86_64-w64-mingw32/11.2.0/libgcc.a(_chkstk_ms.o)
 .data          0x0000000140005050        0x0 A:/00_SHIELD/00_ITI/00_Sources/03_GCC_Compiler/msys64/mingw64/bin/../lib/gcc/x86_64-w64-mingw32/11.2.0/libgcc.a(_ctors.o)
 .data          0x0000000140005050       0x10 A:/00_SHIELD/00_ITI/00_Sources/03_GCC_Compiler/msys64/mingw64/bin/../lib/gcc/x86_64-w64-mingw32/11.2.0/../../../../x86_64-w64-mingw32/lib/../lib/libmingwex.a(lib64_libmingwex_a-mingw_matherr.o)
                0x0000000140005050                _MINGW_INSTALL_DEBUG_MATHERR
 .data          0x0000000140005060       0x10 A:/00_SHIELD/00_ITI/00_Sources/03_GCC_Compiler/msys64/mingw64/bin/../lib/gcc/x86_64-w64-mingw32/11.2.0/../../../../x86_64-w64-mingw32/lib/../lib/libmsvcrt.a(lib64_libmsvcrt_extra_a-__p__fmode.o)
                0x0000000140005060                __imp___p__fmode
 .data          0x0000000140005070       0x10 A:/00_SHIELD/00_ITI/00_Sources/03_GCC_Compiler/msys64/mingw64/bin/../lib/gcc/x86_64-w64-mingw32/11.2.0/../../../../x86_64-w64-mingw32/lib/../lib/libmsvcrt.a(lib64_libmsvcrt_extra_a-__p__commode.o)
                0x0000000140005070                __imp___p__commode
 .data          0x0000000140005080       0x10 A:/00_SHIELD/00_ITI/00_Sources/03_GCC_Compiler/msys64/mingw64/bin/../lib/gcc/x86_64-w64-mingw32/11.2.0/../../../../x86_64-w64-mingw32/lib/../lib/libmsvcrt.a(lib64_libmsvcrt_extra_a-__p__acmdln.o)
                0x0000000140005080                __imp___p__acmdln
 .data          0x0000000140005090       0x10 A:/00_SHIELD/00_ITI/00_Sources/03_GCC_Compiler/msys64/mingw64/bin/../lib/gcc/x86_64-w64-mingw32/11.2.0/../../../../x86_64-w64-mingw32/lib/../lib/libmsvcrt.a(lib64_libmsvcrt_extra_a-invalid_parameter_handler.o)
                0x0000000140005090                __imp__get_invalid_parameter_handler
                0x0000000140005098                __imp__set_invalid_parameter_handler
 .data          0x00000001400050a0       0x10 A:/00_SHIELD/00_ITI/00_Sources/03_GCC_Compiler/msys64/mingw64/bin/../lib/gcc/x86_64-w64-mingw32/11.2.0/../../../../x86_64-w64-mingw32/lib/../lib/libmsvcrt.a(lib64_libmsvcrt_common_a-acrt_iob_func.o)
                0x00000001400050a0                __imp___acrt_iob_func
 .data          0x00000001400050b0        0x0 A:/00_SHIELD/00_ITI/00_Sources/03_GCC_Compiler/msys64/mingw64/bin/../lib/gcc/x86_64-w64-mingw32/11.2.0/../../../../x86_64-w64-mingw32/lib/../lib/libmsvcrt.a(libmsvcrt_defs00055.o)
 .data          0x00000001400050b0        0x0 A:/00_SHIELD/00_ITI/00_Sources/03_GCC_Compiler/msys64/mingw64/bin/../lib/gcc/x86_64-w64-mingw32/11.2.0/../../../../x86_64-w64-mingw32/lib/../lib/libmsvcrt.a(libmsvcrt_defs00081.o)
 .data          0x00000001400050b0        0x0 A:/00_SHIELD/00_ITI/00_Sources/03_GCC_Compiler/msys64/mingw64/bin/../lib/gcc/x86_64-w64-mingw32/11.2.0/../../../../x86_64-w64-mingw32/lib/../lib/libmsvcrt.a(libmsvcrt_defs00082.o)
 .data          0x00000001400050b0        0x0 A:/00_SHIELD/00_ITI/00_Sources/03_GCC_Compiler/msys64/mingw64/bin/../lib/gcc/x86_64-w64-mingw32/11.2.0/../../../../x86_64-w64-mingw32/lib/../lib/libmsvcrt.a(libmsvcrt_defs00083.o)
 .data          0x00000001400050b0        0x0 A:/00_SHIELD/00_ITI/00_Sources/03_GCC_Compiler/msys64/mingw64/bin/../lib/gcc/x86_64-w64-mingw32/11.2.0/../../../../x86_64-w64-mingw32/lib/../lib/libmsvcrt.a(libmsvcrt_defs00097.o)
 .data          0x00000001400050b0        0x0 A:/00_SHIELD/00_ITI/00_Sources/03_GCC_Compiler/msys64/mingw64/bin/../lib/gcc/x86_64-w64-mingw32/11.2.0/../../../../x86_64-w64-mingw32/lib/../lib/libmsvcrt.a(libmsvcrt_defs00099.o)
 .data          0x00000001400050b0        0x0 A:/00_SHIELD/00_ITI/00_Sources/03_GCC_Compiler/msys64/mingw64/bin/../lib/gcc/x86_64-w64-mingw32/11.2.0/../../../../x86_64-w64-mingw32/lib/../lib/libmsvcrt.a(libmsvcrt_defs00116.o)
 .data          0x00000001400050b0        0x0 A:/00_SHIELD/00_ITI/00_Sources/03_GCC_Compiler/msys64/mingw64/bin/../lib/gcc/x86_64-w64-mingw32/11.2.0/../../../../x86_64-w64-mingw32/lib/../lib/libmsvcrt.a(libmsvcrt_defs00123.o)
 .data          0x00000001400050b0        0x0 A:/00_SHIELD/00_ITI/00_Sources/03_GCC_Compiler/msys64/mingw64/bin/../lib/gcc/x86_64-w64-mingw32/11.2.0/../../../../x86_64-w64-mingw32/lib/../lib/libmsvcrt.a(libmsvcrt_defs00141.o)
 .data          0x00000001400050b0        0x0 A:/00_SHIELD/00_ITI/00_Sources/03_GCC_Compiler/msys64/mingw64/bin/../lib/gcc/x86_64-w64-mingw32/11.2.0/../../../../x86_64-w64-mingw32/lib/../lib/libmsvcrt.a(libmsvcrt_defs00157.o)
 .data          0x00000001400050b0        0x0 A:/00_SHIELD/00_ITI/00_Sources/03_GCC_Compiler/msys64/mingw64/bin/../lib/gcc/x86_64-w64-mingw32/11.2.0/../../../../x86_64-w64-mingw32/lib/../lib/libmsvcrt.a(libmsvcrt_defs00204.o)
 .data          0x00000001400050b0        0x0 A:/00_SHIELD/00_ITI/00_Sources/03_GCC_Compiler/msys64/mingw64/bin/../lib/gcc/x86_64-w64-mingw32/11.2.0/../../../../x86_64-w64-mingw32/lib/../lib/libmsvcrt.a(libmsvcrt_defs00254.o)
 .data          0x00000001400050b0        0x0 A:/00_SHIELD/00_ITI/00_Sources/03_GCC_Compiler/msys64/mingw64/bin/../lib/gcc/x86_64-w64-mingw32/11.2.0/../../../../x86_64-w64-mingw32/lib/../lib/libmsvcrt.a(libmsvcrt_defs00332.o)
 .data          0x00000001400050b0        0x0 A:/00_SHIELD/00_ITI/00_Sources/03_GCC_Compiler/msys64/mingw64/bin/../lib/gcc/x86_64-w64-mingw32/11.2.0/../../../../x86_64-w64-mingw32/lib/../lib/libmsvcrt.a(libmsvcrt_defs00614.o)
 .data          0x00000001400050b0        0x0 A:/00_SHIELD/00_ITI/00_Sources/03_GCC_Compiler/msys64/mingw64/bin/../lib/gcc/x86_64-w64-mingw32/11.2.0/../../../../x86_64-w64-mingw32/lib/../lib/libmsvcrt.a(libmsvcrt_defs01038.o)
 .data          0x00000001400050b0        0x0 A:/00_SHIELD/00_ITI/00_Sources/03_GCC_Compiler/msys64/mingw64/bin/../lib/gcc/x86_64-w64-mingw32/11.2.0/../../../../x86_64-w64-mingw32/lib/../lib/libmsvcrt.a(libmsvcrt_defs01056.o)
 .data          0x00000001400050b0        0x0 A:/00_SHIELD/00_ITI/00_Sources/03_GCC_Compiler/msys64/mingw64/bin/../lib/gcc/x86_64-w64-mingw32/11.2.0/../../../../x86_64-w64-mingw32/lib/../lib/libmsvcrt.a(libmsvcrt_defs01069.o)
 .data          0x00000001400050b0        0x0 A:/00_SHIELD/00_ITI/00_Sources/03_GCC_Compiler/msys64/mingw64/bin/../lib/gcc/x86_64-w64-mingw32/11.2.0/../../../../x86_64-w64-mingw32/lib/../lib/libmsvcrt.a(libmsvcrt_defs01077.o)
 .data          0x00000001400050b0        0x0 A:/00_SHIELD/00_ITI/00_Sources/03_GCC_Compiler/msys64/mingw64/bin/../lib/gcc/x86_64-w64-mingw32/11.2.0/../../../../x86_64-w64-mingw32/lib/../lib/libmsvcrt.a(libmsvcrt_defs01090.o)
 .data          0x00000001400050b0        0x0 A:/00_SHIELD/00_ITI/00_Sources/03_GCC_Compiler/msys64/mingw64/bin/../lib/gcc/x86_64-w64-mingw32/11.2.0/../../../../x86_64-w64-mingw32/lib/../lib/libmsvcrt.a(libmsvcrt_defs01097.o)
 .data          0x00000001400050b0        0x0 A:/00_SHIELD/00_ITI/00_Sources/03_GCC_Compiler/msys64/mingw64/bin/../lib/gcc/x86_64-w64-mingw32/11.2.0/../../../../x86_64-w64-mingw32/lib/../lib/libmsvcrt.a(libmsvcrt_defs01110.o)
 .data          0x00000001400050b0        0x0 A:/00_SHIELD/00_ITI/00_Sources/03_GCC_Compiler/msys64/mingw64/bin/../lib/gcc/x86_64-w64-mingw32/11.2.0/../../../../x86_64-w64-mingw32/lib/../lib/libmsvcrt.a(libmsvcrt_defs01158.o)
 .data          0x00000001400050b0        0x0 A:/00_SHIELD/00_ITI/00_Sources/03_GCC_Compiler/msys64/mingw64/bin/../lib/gcc/x86_64-w64-mingw32/11.2.0/../../../../x86_64-w64-mingw32/lib/../lib/libmsvcrt.a(libmsvcrt_defs01166.o)
 .data          0x00000001400050b0        0x0 A:/00_SHIELD/00_ITI/00_Sources/03_GCC_Compiler/msys64/mingw64/bin/../lib/gcc/x86_64-w64-mingw32/11.2.0/../../../../x86_64-w64-mingw32/lib/../lib/libmsvcrt.a(libmsvcrt_defs01198.o)
 .data          0x00000001400050b0        0x0 A:/00_SHIELD/00_ITI/00_Sources/03_GCC_Compiler/msys64/mingw64/bin/../lib/gcc/x86_64-w64-mingw32/11.2.0/../../../../x86_64-w64-mingw32/lib/../lib/libmsvcrt.a(libmsvcrt_defs01221.o)
 .data          0x00000001400050b0        0x0 A:/00_SHIELD/00_ITI/00_Sources/03_GCC_Compiler/msys64/mingw64/bin/../lib/gcc/x86_64-w64-mingw32/11.2.0/../../../../x86_64-w64-mingw32/lib/../lib/libmsvcrt.a(libmsvcrt_defs01224.o)
 .data          0x00000001400050b0        0x0 A:/00_SHIELD/00_ITI/00_Sources/03_GCC_Compiler/msys64/mingw64/bin/../lib/gcc/x86_64-w64-mingw32/11.2.0/../../../../x86_64-w64-mingw32/lib/../lib/libmsvcrt.a(libmsvcrt_defs01235.o)
 .data          0x00000001400050b0        0x0 A:/00_SHIELD/00_ITI/00_Sources/03_GCC_Compiler/msys64/mingw64/bin/../lib/gcc/x86_64-w64-mingw32/11.2.0/../../../../x86_64-w64-mingw32/lib/../lib/libmsvcrt.a(libmsvcrt_defs01259.o)
 .data          0x00000001400050b0        0x0 A:/00_SHIELD/00_ITI/00_Sources/03_GCC_Compiler/msys64/mingw64/bin/../lib/gcc/x86_64-w64-mingw32/11.2.0/../../../../x86_64-w64-mingw32/lib/../lib/libmsvcrt.a(libmsvcrt_defh.o)
 .data          0x00000001400050b0        0x0 A:/00_SHIELD/00_ITI/00_Sources/03_GCC_Compiler/msys64/mingw64/bin/../lib/gcc/x86_64-w64-mingw32/11.2.0/../../../../x86_64-w64-mingw32/lib/../lib/libmsvcrt.a(libmsvcrt_deft.o)
 .data          0x00000001400050b0        0x0 A:/00_SHIELD/00_ITI/00_Sources/03_GCC_Compiler/msys64/mingw64/bin/../lib/gcc/x86_64-w64-mingw32/11.2.0/../../../../x86_64-w64-mingw32/lib/../lib/libkernel32.a(libkernel32s01493.o)
 .data          0x00000001400050b0        0x0 A:/00_SHIELD/00_ITI/00_Sources/03_GCC_Compiler/msys64/mingw64/bin/../lib/gcc/x86_64-w64-mingw32/11.2.0/../../../../x86_64-w64-mingw32/lib/../lib/libkernel32.a(libkernel32s01491.o)
 .data          0x00000001400050b0        0x0 A:/00_SHIELD/00_ITI/00_Sources/03_GCC_Compiler/msys64/mingw64/bin/../lib/gcc/x86_64-w64-mingw32/11.2.0/../../../../x86_64-w64-mingw32/lib/../lib/libkernel32.a(libkernel32s01444.o)
 .data          0x00000001400050b0        0x0 A:/00_SHIELD/00_ITI/00_Sources/03_GCC_Compiler/msys64/mingw64/bin/../lib/gcc/x86_64-w64-mingw32/11.2.0/../../../../x86_64-w64-mingw32/lib/../lib/libkernel32.a(libkernel32s01409.o)
 .data          0x00000001400050b0        0x0 A:/00_SHIELD/00_ITI/00_Sources/03_GCC_Compiler/msys64/mingw64/bin/../lib/gcc/x86_64-w64-mingw32/11.2.0/../../../../x86_64-w64-mingw32/lib/../lib/libkernel32.a(libkernel32s01393.o)
 .data          0x00000001400050b0        0x0 A:/00_SHIELD/00_ITI/00_Sources/03_GCC_Compiler/msys64/mingw64/bin/../lib/gcc/x86_64-w64-mingw32/11.2.0/../../../../x86_64-w64-mingw32/lib/../lib/libkernel32.a(libkernel32s00983.o)
 .data          0x00000001400050b0        0x0 A:/00_SHIELD/00_ITI/00_Sources/03_GCC_Compiler/msys64/mingw64/bin/../lib/gcc/x86_64-w64-mingw32/11.2.0/../../../../x86_64-w64-mingw32/lib/../lib/libkernel32.a(libkernel32s00891.o)
 .data          0x00000001400050b0        0x0 A:/00_SHIELD/00_ITI/00_Sources/03_GCC_Compiler/msys64/mingw64/bin/../lib/gcc/x86_64-w64-mingw32/11.2.0/../../../../x86_64-w64-mingw32/lib/../lib/libkernel32.a(libkernel32s00742.o)
 .data          0x00000001400050b0        0x0 A:/00_SHIELD/00_ITI/00_Sources/03_GCC_Compiler/msys64/mingw64/bin/../lib/gcc/x86_64-w64-mingw32/11.2.0/../../../../x86_64-w64-mingw32/lib/../lib/libkernel32.a(libkernel32s00629.o)
 .data          0x00000001400050b0        0x0 A:/00_SHIELD/00_ITI/00_Sources/03_GCC_Compiler/msys64/mingw64/bin/../lib/gcc/x86_64-w64-mingw32/11.2.0/../../../../x86_64-w64-mingw32/lib/../lib/libkernel32.a(libkernel32s00318.o)
 .data          0x00000001400050b0        0x0 A:/00_SHIELD/00_ITI/00_Sources/03_GCC_Compiler/msys64/mingw64/bin/../lib/gcc/x86_64-w64-mingw32/11.2.0/../../../../x86_64-w64-mingw32/lib/../lib/libkernel32.a(libkernel32s00282.o)
 .data          0x00000001400050b0        0x0 A:/00_SHIELD/00_ITI/00_Sources/03_GCC_Compiler/msys64/mingw64/bin/../lib/gcc/x86_64-w64-mingw32/11.2.0/../../../../x86_64-w64-mingw32/lib/../lib/libkernel32.a(libkernel32h.o)
 .data          0x00000001400050b0        0x0 A:/00_SHIELD/00_ITI/00_Sources/03_GCC_Compiler/msys64/mingw64/bin/../lib/gcc/x86_64-w64-mingw32/11.2.0/../../../../x86_64-w64-mingw32/lib/../lib/libkernel32.a(libkernel32t.o)
 .data          0x00000001400050b0        0x0 A:/00_SHIELD/00_ITI/00_Sources/03_GCC_Compiler/msys64/mingw64/bin/../lib/gcc/x86_64-w64-mingw32/11.2.0/crtend.o
 *(.data2)
 *(SORT_BY_NAME(.data$*))
 *(.jcr)
                0x00000001400050b0                __data_end__ = .
 *(.data_cygwin_nocopy)

.rdata          0x0000000140006000      0xe00
 *(.rdata)
 .rdata         0x0000000140006000       0x90 C:\Users\mmich\AppData\Local\Temp\ccqFG82y.o
 *fill*         0x0000000140006090       0x10 
 .rdata         0x00000001400060a0       0x60 A:/00_SHIELD/00_ITI/00_Sources/03_GCC_Compiler/msys64/mingw64/bin/../lib/gcc/x86_64-w64-mingw32/11.2.0/../../../../x86_64-w64-mingw32/lib/../lib/libmingw32.a(lib64_libmingw32_a-tlssup.o)
                0x00000001400060a0                __dyn_tls_init_callback
                0x00000001400060c0                _tls_used
 .rdata         0x0000000140006100      0x140 A:/00_SHIELD/00_ITI/00_Sources/03_GCC_Compiler/msys64/mingw64/bin/../lib/gcc/x86_64-w64-mingw32/11.2.0/../../../../x86_64-w64-mingw32/lib/../lib/libmingw32.a(lib64_libmingw32_a-merr.o)
 .rdata         0x0000000140006240      0x160 A:/00_SHIELD/00_ITI/00_Sources/03_GCC_Compiler/msys64/mingw64/bin/../lib/gcc/x86_64-w64-mingw32/11.2.0/../../../../x86_64-w64-mingw32/lib/../lib/libmingw32.a(lib64_libmingw32_a-pseudo-reloc.o)
 .rdata         0x00000001400063a0       0x30 A:/00_SHIELD/00_ITI/00_Sources/03_GCC_Compiler/msys64/mingw64/bin/../lib/gcc/x86_64-w64-mingw32/11.2.0/../../../../x86_64-w64-mingw32/lib/../lib/libmingw32.a(lib64_libmingw32_a-crt_handler.o)
 .rdata         0x00000001400063d0        0x8 ertr000001.o
 *(SORT_BY_NAME(.rdata$*))
 *fill*         0x00000001400063d8        0x8 
 .rdata$.refptr._CRT_MT
                0x00000001400063e0       0x10 A:/00_SHIELD/00_ITI/00_Sources/03_GCC_Compiler/msys64/mingw64/bin/../lib/gcc/x86_64-w64-mingw32/11.2.0/../../../../x86_64-w64-mingw32/lib/../lib/libmingw32.a(lib64_libmingw32_a-tlssup.o)
                0x00000001400063e0                .refptr._CRT_MT
 .rdata$.refptr._MINGW_INSTALL_DEBUG_MATHERR
                0x00000001400063f0       0x10 A:/00_SHIELD/00_ITI/00_Sources/03_GCC_Compiler/msys64/mingw64/bin/../lib/gcc/x86_64-w64-mingw32/11.2.0/../../../../x86_64-w64-mingw32/lib/../lib/crt2.o
                0x00000001400063f0                .refptr._MINGW_INSTALL_DEBUG_MATHERR
 .rdata$.refptr._ZSt3cin
                0x0000000140006400       0x10 C:\Users\mmich\AppData\Local\Temp\ccqFG82y.o
                0x0000000140006400                __fu1__ZSt3cin
                0x0000000140006400                .refptr._ZSt3cin
 .rdata$.refptr._ZSt4cout
                0x0000000140006410       0x10 C:\Users\mmich\AppData\Local\Temp\ccqFG82y.o
                0x0000000140006410                __fu0__ZSt4cout
                0x0000000140006410                .refptr._ZSt4cout
 .rdata$.refptr._ZSt4endlIcSt11char_traitsIcEERSt13basic_ostreamIT_T0_ES6_
                0x0000000140006420       0x10 C:\Users\mmich\AppData\Local\Temp\ccqFG82y.o
                0x0000000140006420                .refptr._ZSt4endlIcSt11char_traitsIcEERSt13basic_ostreamIT_T0_ES6_
 .rdata$.refptr.__CTOR_LIST__
                0x0000000140006430       0x10 A:/00_SHIELD/00_ITI/00_Sources/03_GCC_Compiler/msys64/mingw64/bin/../lib/gcc/x86_64-w64-mingw32/11.2.0/../../../../x86_64-w64-mingw32/lib/../lib/libmingw32.a(lib64_libmingw32_a-gccmain.o)
                0x0000000140006430                .refptr.__CTOR_LIST__
 .rdata$.refptr.__RUNTIME_PSEUDO_RELOC_LIST_END__
                0x0000000140006440       0x10 A:/00_SHIELD/00_ITI/00_Sources/03_GCC_Compiler/msys64/mingw64/bin/../lib/gcc/x86_64-w64-mingw32/11.2.0/../../../../x86_64-w64-mingw32/lib/../lib/libmingw32.a(lib64_libmingw32_a-pseudo-reloc.o)
                0x0000000140006440                .refptr.__RUNTIME_PSEUDO_RELOC_LIST_END__
 .rdata$.refptr.__RUNTIME_PSEUDO_RELOC_LIST__
                0x0000000140006450       0x10 A:/00_SHIELD/00_ITI/00_Sources/03_GCC_Compiler/msys64/mingw64/bin/../lib/gcc/x86_64-w64-mingw32/11.2.0/../../../../x86_64-w64-mingw32/lib/../lib/libmingw32.a(lib64_libmingw32_a-pseudo-reloc.o)
                0x0000000140006450                .refptr.__RUNTIME_PSEUDO_RELOC_LIST__
 .rdata$.refptr.__dyn_tls_init_callback
                0x0000000140006460       0x10 A:/00_SHIELD/00_ITI/00_Sources/03_GCC_Compiler/msys64/mingw64/bin/../lib/gcc/x86_64-w64-mingw32/11.2.0/../../../../x86_64-w64-mingw32/lib/../lib/crt2.o
                0x0000000140006460                .refptr.__dyn_tls_init_callback
 .rdata$.refptr.__image_base__
                0x0000000140006470       0x10 A:/00_SHIELD/00_ITI/00_Sources/03_GCC_Compiler/msys64/mingw64/bin/../lib/gcc/x86_64-w64-mingw32/11.2.0/../../../../x86_64-w64-mingw32/lib/../lib/crt2.o
                0x0000000140006470                .refptr.__image_base__
 .rdata$.refptr.__imp___initenv
                0x0000000140006480       0x10 A:/00_SHIELD/00_ITI/00_Sources/03_GCC_Compiler/msys64/mingw64/bin/../lib/gcc/x86_64-w64-mingw32/11.2.0/../../../../x86_64-w64-mingw32/lib/../lib/crt2.o
                0x0000000140006480                .refptr.__imp___initenv
 .rdata$.refptr.__imp__acmdln
                0x0000000140006490       0x10 A:/00_SHIELD/00_ITI/00_Sources/03_GCC_Compiler/msys64/mingw64/bin/../lib/gcc/x86_64-w64-mingw32/11.2.0/../../../../x86_64-w64-mingw32/lib/../lib/libmsvcrt.a(lib64_libmsvcrt_extra_a-__p__acmdln.o)
                0x0000000140006490                .refptr.__imp__acmdln
 .rdata$.refptr.__imp__commode
                0x00000001400064a0       0x10 A:/00_SHIELD/00_ITI/00_Sources/03_GCC_Compiler/msys64/mingw64/bin/../lib/gcc/x86_64-w64-mingw32/11.2.0/../../../../x86_64-w64-mingw32/lib/../lib/libmsvcrt.a(lib64_libmsvcrt_extra_a-__p__commode.o)
                0x00000001400064a0                .refptr.__imp__commode
 .rdata$.refptr.__imp__fmode
                0x00000001400064b0       0x10 A:/00_SHIELD/00_ITI/00_Sources/03_GCC_Compiler/msys64/mingw64/bin/../lib/gcc/x86_64-w64-mingw32/11.2.0/../../../../x86_64-w64-mingw32/lib/../lib/libmsvcrt.a(lib64_libmsvcrt_extra_a-__p__fmode.o)
                0x00000001400064b0                .refptr.__imp__fmode
 .rdata$.refptr.__mingw_app_type
                0x00000001400064c0       0x10 A:/00_SHIELD/00_ITI/00_Sources/03_GCC_Compiler/msys64/mingw64/bin/../lib/gcc/x86_64-w64-mingw32/11.2.0/../../../../x86_64-w64-mingw32/lib/../lib/crt2.o
                0x00000001400064c0                .refptr.__mingw_app_type
 .rdata$.refptr.__mingw_initltsdrot_force
                0x00000001400064d0       0x10 A:/00_SHIELD/00_ITI/00_Sources/03_GCC_Compiler/msys64/mingw64/bin/../lib/gcc/x86_64-w64-mingw32/11.2.0/../../../../x86_64-w64-mingw32/lib/../lib/crt2.o
                0x00000001400064d0                .refptr.__mingw_initltsdrot_force
 .rdata$.refptr.__mingw_initltsdyn_force
                0x00000001400064e0       0x10 A:/00_SHIELD/00_ITI/00_Sources/03_GCC_Compiler/msys64/mingw64/bin/../lib/gcc/x86_64-w64-mingw32/11.2.0/../../../../x86_64-w64-mingw32/lib/../lib/crt2.o
                0x00000001400064e0                .refptr.__mingw_initltsdyn_force
 .rdata$.refptr.__mingw_initltssuo_force
                0x00000001400064f0       0x10 A:/00_SHIELD/00_ITI/00_Sources/03_GCC_Compiler/msys64/mingw64/bin/../lib/gcc/x86_64-w64-mingw32/11.2.0/../../../../x86_64-w64-mingw32/lib/../lib/crt2.o
                0x00000001400064f0                .refptr.__mingw_initltssuo_force
 .rdata$.refptr.__mingw_oldexcpt_handler
                0x0000000140006500       0x10 A:/00_SHIELD/00_ITI/00_Sources/03_GCC_Compiler/msys64/mingw64/bin/../lib/gcc/x86_64-w64-mingw32/11.2.0/../../../../x86_64-w64-mingw32/lib/../lib/crt2.o
                0x0000000140006500                .refptr.__mingw_oldexcpt_handler
 .rdata$.refptr.__native_startup_lock
                0x0000000140006510       0x10 A:/00_SHIELD/00_ITI/00_Sources/03_GCC_Compiler/msys64/mingw64/bin/../lib/gcc/x86_64-w64-mingw32/11.2.0/../../../../x86_64-w64-mingw32/lib/../lib/crt2.o
                0x0000000140006510                .refptr.__native_startup_lock
 .rdata$.refptr.__native_startup_state
                0x0000000140006520       0x10 A:/00_SHIELD/00_ITI/00_Sources/03_GCC_Compiler/msys64/mingw64/bin/../lib/gcc/x86_64-w64-mingw32/11.2.0/../../../../x86_64-w64-mingw32/lib/../lib/crt2.o
                0x0000000140006520                .refptr.__native_startup_state
 .rdata$.refptr.__xc_a
                0x0000000140006530       0x10 A:/00_SHIELD/00_ITI/00_Sources/03_GCC_Compiler/msys64/mingw64/bin/../lib/gcc/x86_64-w64-mingw32/11.2.0/../../../../x86_64-w64-mingw32/lib/../lib/crt2.o
                0x0000000140006530                .refptr.__xc_a
 .rdata$.refptr.__xc_z
                0x0000000140006540       0x10 A:/00_SHIELD/00_ITI/00_Sources/03_GCC_Compiler/msys64/mingw64/bin/../lib/gcc/x86_64-w64-mingw32/11.2.0/../../../../x86_64-w64-mingw32/lib/../lib/crt2.o
                0x0000000140006540                .refptr.__xc_z
 .rdata$.refptr.__xi_a
                0x0000000140006550       0x10 A:/00_SHIELD/00_ITI/00_Sources/03_GCC_Compiler/msys64/mingw64/bin/../lib/gcc/x86_64-w64-mingw32/11.2.0/../../../../x86_64-w64-mingw32/lib/../lib/crt2.o
                0x0000000140006550                .refptr.__xi_a
 .rdata$.refptr.__xi_z
                0x0000000140006560       0x10 A:/00_SHIELD/00_ITI/00_Sources/03_GCC_Compiler/msys64/mingw64/bin/../lib/gcc/x86_64-w64-mingw32/11.2.0/../../../../x86_64-w64-mingw32/lib/../lib/crt2.o
                0x0000000140006560                .refptr.__xi_z
 .rdata$.refptr._commode
                0x0000000140006570       0x10 A:/00_SHIELD/00_ITI/00_Sources/03_GCC_Compiler/msys64/mingw64/bin/../lib/gcc/x86_64-w64-mingw32/11.2.0/../../../../x86_64-w64-mingw32/lib/../lib/crt2.o
                0x0000000140006570                .refptr._commode
 .rdata$.refptr._dowildcard
                0x0000000140006580       0x10 A:/00_SHIELD/00_ITI/00_Sources/03_GCC_Compiler/msys64/mingw64/bin/../lib/gcc/x86_64-w64-mingw32/11.2.0/../../../../x86_64-w64-mingw32/lib/../lib/crt2.o
                0x0000000140006580                .refptr._dowildcard
 .rdata$.refptr._fmode
                0x0000000140006590       0x10 A:/00_SHIELD/00_ITI/00_Sources/03_GCC_Compiler/msys64/mingw64/bin/../lib/gcc/x86_64-w64-mingw32/11.2.0/../../../../x86_64-w64-mingw32/lib/../lib/crt2.o
                0x0000000140006590                .refptr._fmode
 .rdata$.refptr._gnu_exception_handler
                0x00000001400065a0       0x10 A:/00_SHIELD/00_ITI/00_Sources/03_GCC_Compiler/msys64/mingw64/bin/../lib/gcc/x86_64-w64-mingw32/11.2.0/../../../../x86_64-w64-mingw32/lib/../lib/crt2.o
                0x00000001400065a0                .refptr._gnu_exception_handler
 .rdata$.refptr._matherr
                0x00000001400065b0       0x10 A:/00_SHIELD/00_ITI/00_Sources/03_GCC_Compiler/msys64/mingw64/bin/../lib/gcc/x86_64-w64-mingw32/11.2.0/../../../../x86_64-w64-mingw32/lib/../lib/crt2.o
                0x00000001400065b0                .refptr._matherr
 .rdata$.refptr._newmode
                0x00000001400065c0       0x10 A:/00_SHIELD/00_ITI/00_Sources/03_GCC_Compiler/msys64/mingw64/bin/../lib/gcc/x86_64-w64-mingw32/11.2.0/../../../../x86_64-w64-mingw32/lib/../lib/crt2.o
                0x00000001400065c0                .refptr._newmode
 .rdata$.refptr.strtol
                0x00000001400065d0       0x10 C:\Users\mmich\AppData\Local\Temp\ccqFG82y.o
                0x00000001400065d0                .refptr.strtol
 .rdata$_ZZNSt8__detail18__to_chars_10_implImEEvPcjT_E8__digits
                0x00000001400065e0       0xe0 C:\Users\mmich\AppData\Local\Temp\ccqFG82y.o
                0x00000001400065e0                std::__detail::__to_chars_10_impl<unsigned long>(char*, unsigned int, unsigned long)::__digits
 .rdata$zzz     0x00000001400066c0       0x30 A:/00_SHIELD/00_ITI/00_Sources/03_GCC_Compiler/msys64/mingw64/bin/../lib/gcc/x86_64-w64-mingw32/11.2.0/../../../../x86_64-w64-mingw32/lib/../lib/crt2.o
 .rdata$zzz     0x00000001400066f0       0x30 A:/00_SHIELD/00_ITI/00_Sources/03_GCC_Compiler/msys64/mingw64/bin/../lib/gcc/x86_64-w64-mingw32/11.2.0/crtbegin.o
 .rdata$zzz     0x0000000140006720       0x30 C:\Users\mmich\AppData\Local\Temp\ccqFG82y.o
 .rdata$zzz     0x0000000140006750       0x30 A:/00_SHIELD/00_ITI/00_Sources/03_GCC_Compiler/msys64/mingw64/bin/../lib/gcc/x86_64-w64-mingw32/11.2.0/../../../../x86_64-w64-mingw32/lib/../lib/libmingw32.a(lib64_libmingw32_a-gccmain.o)
 .rdata$zzz     0x0000000140006780       0x30 A:/00_SHIELD/00_ITI/00_Sources/03_GCC_Compiler/msys64/mingw64/bin/../lib/gcc/x86_64-w64-mingw32/11.2.0/../../../../x86_64-w64-mingw32/lib/../lib/libmingw32.a(lib64_libmingw32_a-natstart.o)
 .rdata$zzz     0x00000001400067b0       0x30 A:/00_SHIELD/00_ITI/00_Sources/03_GCC_Compiler/msys64/mingw64/bin/../lib/gcc/x86_64-w64-mingw32/11.2.0/../../../../x86_64-w64-mingw32/lib/../lib/libmingw32.a(lib64_libmingw32_a-wildcard.o)
 .rdata$zzz     0x00000001400067e0       0x30 A:/00_SHIELD/00_ITI/00_Sources/03_GCC_Compiler/msys64/mingw64/bin/../lib/gcc/x86_64-w64-mingw32/11.2.0/../../../../x86_64-w64-mingw32/lib/../lib/libmingw32.a(lib64_libmingw32_a-dllargv.o)
 .rdata$zzz     0x0000000140006810       0x30 A:/00_SHIELD/00_ITI/00_Sources/03_GCC_Compiler/msys64/mingw64/bin/../lib/gcc/x86_64-w64-mingw32/11.2.0/../../../../x86_64-w64-mingw32/lib/../lib/libmingw32.a(lib64_libmingw32_a-_newmode.o)
 .rdata$zzz     0x0000000140006840       0x30 A:/00_SHIELD/00_ITI/00_Sources/03_GCC_Compiler/msys64/mingw64/bin/../lib/gcc/x86_64-w64-mingw32/11.2.0/../../../../x86_64-w64-mingw32/lib/../lib/libmingw32.a(lib64_libmingw32_a-tlssup.o)
 .rdata$zzz     0x0000000140006870       0x30 A:/00_SHIELD/00_ITI/00_Sources/03_GCC_Compiler/msys64/mingw64/bin/../lib/gcc/x86_64-w64-mingw32/11.2.0/../../../../x86_64-w64-mingw32/lib/../lib/libmingw32.a(lib64_libmingw32_a-xncommod.o)
 .rdata$zzz     0x00000001400068a0       0x30 A:/00_SHIELD/00_ITI/00_Sources/03_GCC_Compiler/msys64/mingw64/bin/../lib/gcc/x86_64-w64-mingw32/11.2.0/../../../../x86_64-w64-mingw32/lib/../lib/libmingw32.a(lib64_libmingw32_a-cinitexe.o)
 .rdata$zzz     0x00000001400068d0       0x30 A:/00_SHIELD/00_ITI/00_Sources/03_GCC_Compiler/msys64/mingw64/bin/../lib/gcc/x86_64-w64-mingw32/11.2.0/../../../../x86_64-w64-mingw32/lib/../lib/libmingw32.a(lib64_libmingw32_a-merr.o)
 .rdata$zzz     0x0000000140006900       0x30 A:/00_SHIELD/00_ITI/00_Sources/03_GCC_Compiler/msys64/mingw64/bin/../lib/gcc/x86_64-w64-mingw32/11.2.0/../../../../x86_64-w64-mingw32/lib/../lib/libmingw32.a(lib64_libmingw32_a-CRT_fp10.o)
 .rdata$zzz     0x0000000140006930       0x30 A:/00_SHIELD/00_ITI/00_Sources/03_GCC_Compiler/msys64/mingw64/bin/../lib/gcc/x86_64-w64-mingw32/11.2.0/../../../../x86_64-w64-mingw32/lib/../lib/libmingw32.a(lib64_libmingw32_a-mingw_helpers.o)
 .rdata$zzz     0x0000000140006960       0x30 A:/00_SHIELD/00_ITI/00_Sources/03_GCC_Compiler/msys64/mingw64/bin/../lib/gcc/x86_64-w64-mingw32/11.2.0/../../../../x86_64-w64-mingw32/lib/../lib/libmingw32.a(lib64_libmingw32_a-pseudo-reloc.o)
 .rdata$zzz     0x0000000140006990       0x30 A:/00_SHIELD/00_ITI/00_Sources/03_GCC_Compiler/msys64/mingw64/bin/../lib/gcc/x86_64-w64-mingw32/11.2.0/../../../../x86_64-w64-mingw32/lib/../lib/libmingw32.a(lib64_libmingw32_a-usermatherr.o)
 .rdata$zzz     0x00000001400069c0       0x30 A:/00_SHIELD/00_ITI/00_Sources/03_GCC_Compiler/msys64/mingw64/bin/../lib/gcc/x86_64-w64-mingw32/11.2.0/../../../../x86_64-w64-mingw32/lib/../lib/libmingw32.a(lib64_libmingw32_a-xtxtmode.o)
 .rdata$zzz     0x00000001400069f0       0x30 A:/00_SHIELD/00_ITI/00_Sources/03_GCC_Compiler/msys64/mingw64/bin/../lib/gcc/x86_64-w64-mingw32/11.2.0/../../../../x86_64-w64-mingw32/lib/../lib/libmingw32.a(lib64_libmingw32_a-crt_handler.o)
 .rdata$zzz     0x0000000140006a20       0x30 A:/00_SHIELD/00_ITI/00_Sources/03_GCC_Compiler/msys64/mingw64/bin/../lib/gcc/x86_64-w64-mingw32/11.2.0/../../../../x86_64-w64-mingw32/lib/../lib/libmingw32.a(lib64_libmingw32_a-tlsthrd.o)
 .rdata$zzz     0x0000000140006a50       0x30 A:/00_SHIELD/00_ITI/00_Sources/03_GCC_Compiler/msys64/mingw64/bin/../lib/gcc/x86_64-w64-mingw32/11.2.0/../../../../x86_64-w64-mingw32/lib/../lib/libmingw32.a(lib64_libmingw32_a-tlsmcrt.o)
 .rdata$zzz     0x0000000140006a80       0x30 A:/00_SHIELD/00_ITI/00_Sources/03_GCC_Compiler/msys64/mingw64/bin/../lib/gcc/x86_64-w64-mingw32/11.2.0/../../../../x86_64-w64-mingw32/lib/../lib/libmingw32.a(lib64_libmingw32_a-pseudo-reloc-list.o)
 .rdata$zzz     0x0000000140006ab0       0x30 A:/00_SHIELD/00_ITI/00_Sources/03_GCC_Compiler/msys64/mingw64/bin/../lib/gcc/x86_64-w64-mingw32/11.2.0/../../../../x86_64-w64-mingw32/lib/../lib/libmingw32.a(lib64_libmingw32_a-pesect.o)
 .rdata$zzz     0x0000000140006ae0       0x30 A:/00_SHIELD/00_ITI/00_Sources/03_GCC_Compiler/msys64/mingw64/bin/../lib/gcc/x86_64-w64-mingw32/11.2.0/libgcc.a(_ctors.o)
 .rdata$zzz     0x0000000140006b10       0x30 A:/00_SHIELD/00_ITI/00_Sources/03_GCC_Compiler/msys64/mingw64/bin/../lib/gcc/x86_64-w64-mingw32/11.2.0/../../../../x86_64-w64-mingw32/lib/../lib/libmingwex.a(lib64_libmingwex_a-mingw_matherr.o)
 .rdata$zzz     0x0000000140006b40       0x30 A:/00_SHIELD/00_ITI/00_Sources/03_GCC_Compiler/msys64/mingw64/bin/../lib/gcc/x86_64-w64-mingw32/11.2.0/../../../../x86_64-w64-mingw32/lib/../lib/libmsvcrt.a(lib64_libmsvcrt_extra_a-__p__fmode.o)
 .rdata$zzz     0x0000000140006b70       0x30 A:/00_SHIELD/00_ITI/00_Sources/03_GCC_Compiler/msys64/mingw64/bin/../lib/gcc/x86_64-w64-mingw32/11.2.0/../../../../x86_64-w64-mingw32/lib/../lib/libmsvcrt.a(lib64_libmsvcrt_extra_a-__p__commode.o)
 .rdata$zzz     0x0000000140006ba0       0x30 A:/00_SHIELD/00_ITI/00_Sources/03_GCC_Compiler/msys64/mingw64/bin/../lib/gcc/x86_64-w64-mingw32/11.2.0/../../../../x86_64-w64-mingw32/lib/../lib/libmsvcrt.a(lib64_libmsvcrt_extra_a-__p__acmdln.o)
 .rdata$zzz     0x0000000140006bd0       0x30 A:/00_SHIELD/00_ITI/00_Sources/03_GCC_Compiler/msys64/mingw64/bin/../lib/gcc/x86_64-w64-mingw32/11.2.0/../../../../x86_64-w64-mingw32/lib/../lib/libmsvcrt.a(lib64_libmsvcrt_extra_a-invalid_parameter_handler.o)
 .rdata$zzz     0x0000000140006c00       0x30 A:/00_SHIELD/00_ITI/00_Sources/03_GCC_Compiler/msys64/mingw64/bin/../lib/gcc/x86_64-w64-mingw32/11.2.0/../../../../x86_64-w64-mingw32/lib/../lib/libmsvcrt.a(lib64_libmsvcrt_common_a-acrt_iob_func.o)
 .rdata$zzz     0x0000000140006c30       0x30 A:/00_SHIELD/00_ITI/00_Sources/03_GCC_Compiler/msys64/mingw64/bin/../lib/gcc/x86_64-w64-mingw32/11.2.0/crtend.o
                0x0000000140006c60                . = ALIGN (0x4)
                0x0000000140006c60                __rt_psrelocs_start = .
 *(.rdata_runtime_pseudo_reloc)
 .rdata_runtime_pseudo_reloc
                0x0000000140006c60       0x18 rtr000000.o
 .rdata_runtime_pseudo_reloc
                0x0000000140006c78        0xc rtr000002.o
                0x0000000140006c84                __rt_psrelocs_end = .
                0x0000000000000024                __rt_psrelocs_size = (__rt_psrelocs_end - __rt_psrelocs_start)
                0x0000000140006c84                ___RUNTIME_PSEUDO_RELOC_LIST_END__ = .
                0x0000000140006c84                __RUNTIME_PSEUDO_RELOC_LIST_END__ = .
                0x0000000140006c60                ___RUNTIME_PSEUDO_RELOC_LIST__ = (. - __rt_psrelocs_size)
                0x0000000140006c60                __RUNTIME_PSEUDO_RELOC_LIST__ = (. - __rt_psrelocs_size)

.eh_frame
 *(.eh_frame*)

.pdata          0x0000000140007000      0x400
 *(.pdata*)
 .pdata         0x0000000140007000       0x54 A:/00_SHIELD/00_ITI/00_Sources/03_GCC_Compiler/msys64/mingw64/bin/../lib/gcc/x86_64-w64-mingw32/11.2.0/../../../../x86_64-w64-mingw32/lib/../lib/crt2.o
 .pdata         0x0000000140007054       0x18 A:/00_SHIELD/00_ITI/00_Sources/03_GCC_Compiler/msys64/mingw64/bin/../lib/gcc/x86_64-w64-mingw32/11.2.0/crtbegin.o
 .pdata$_ZNSt11char_traitsIcE6lengthEPKc
                0x000000014000706c        0xc C:\Users\mmich\AppData\Local\Temp\ccqFG82y.o
 .pdata$_ZNSt7__cxx114stoiERKNS_12basic_stringIcSt11char_traitsIcESaIcEEEPyi
                0x0000000140007078        0xc C:\Users\mmich\AppData\Local\Temp\ccqFG82y.o
 .pdata$_ZNSt7__cxx119to_stringEl
                0x0000000140007084        0xc C:\Users\mmich\AppData\Local\Temp\ccqFG82y.o
 .pdata$_ZNSt8__detail14__to_chars_lenImEEjT_i
                0x0000000140007090        0xc C:\Users\mmich\AppData\Local\Temp\ccqFG82y.o
 .pdata$_ZStorSt13_Ios_OpenmodeS_
                0x000000014000709c        0xc C:\Users\mmich\AppData\Local\Temp\ccqFG82y.o
 .pdata         0x00000001400070a8       0x30 C:\Users\mmich\AppData\Local\Temp\ccqFG82y.o
 .pdata$_ZN9__gnu_cxx11char_traitsIcE2eqERKcS3_
                0x00000001400070d8        0xc C:\Users\mmich\AppData\Local\Temp\ccqFG82y.o
 .pdata$_ZN9__gnu_cxx11char_traitsIcE6lengthEPKc
                0x00000001400070e4        0xc C:\Users\mmich\AppData\Local\Temp\ccqFG82y.o
 .pdata$_ZZN9__gnu_cxx6__stoaIlicJiEEET0_PFT_PKT1_PPS3_DpT2_EPKcS5_PyS9_EN11_Save_errnoC1Ev
                0x00000001400070f0        0xc C:\Users\mmich\AppData\Local\Temp\ccqFG82y.o
 .pdata$_ZZN9__gnu_cxx6__stoaIlicJiEEET0_PFT_PKT1_PPS3_DpT2_EPKcS5_PyS9_EN11_Save_errnoD1Ev
                0x00000001400070fc        0xc C:\Users\mmich\AppData\Local\Temp\ccqFG82y.o
 .pdata$_ZZN9__gnu_cxx6__stoaIlicJiEEET0_PFT_PKT1_PPS3_DpT2_EPKcS5_PyS9_EN10_Range_chk6_S_chkElSt17integral_constantIbLb1EE
                0x0000000140007108        0xc C:\Users\mmich\AppData\Local\Temp\ccqFG82y.o
 .pdata$_ZN9__gnu_cxx6__stoaIlicJiEEET0_PFT_PKT1_PPS3_DpT2_EPKcS5_PyS9_
                0x0000000140007114        0xc C:\Users\mmich\AppData\Local\Temp\ccqFG82y.o
 .pdata$_ZNSt7__cxx1112basic_stringIcSt11char_traitsIcESaIcEE12_Alloc_hiderD1Ev
                0x0000000140007120        0xc C:\Users\mmich\AppData\Local\Temp\ccqFG82y.o
 .pdata$_ZNSt7__cxx1112basic_stringIcSt11char_traitsIcESaIcEEC1IS3_EEycRKS3_
                0x000000014000712c        0xc C:\Users\mmich\AppData\Local\Temp\ccqFG82y.o
 .pdata$_ZNSt8__detail18__to_chars_10_implImEEvPcjT_
                0x0000000140007138        0xc C:\Users\mmich\AppData\Local\Temp\ccqFG82y.o
 .pdata$_ZStplIcSt11char_traitsIcESaIcEENSt7__cxx1112basic_stringIT_T0_T1_EEOS8_S9_
                0x0000000140007144        0xc C:\Users\mmich\AppData\Local\Temp\ccqFG82y.o
 .pdata$_ZNSt7__cxx1112basic_stringIcSt11char_traitsIcESaIcEEC1IS3_EEPKcRKS3_
                0x0000000140007150        0xc C:\Users\mmich\AppData\Local\Temp\ccqFG82y.o
 .pdata$_ZSteqIcSt11char_traitsIcESaIcEEbRKNSt7__cxx1112basic_stringIT_T0_T1_EEPKS5_
                0x000000014000715c        0xc C:\Users\mmich\AppData\Local\Temp\ccqFG82y.o
 .pdata$_ZSt4moveIRNSt7__cxx1112basic_stringIcSt11char_traitsIcESaIcEEEEONSt16remove_referenceIT_E4typeEOS8_
                0x0000000140007168        0xc C:\Users\mmich\AppData\Local\Temp\ccqFG82y.o
 .pdata$_ZSt8distanceIPKcENSt15iterator_traitsIT_E15difference_typeES3_S3_
                0x0000000140007174        0xc C:\Users\mmich\AppData\Local\Temp\ccqFG82y.o
 .pdata$_ZNSt7__cxx1112basic_stringIcSt11char_traitsIcESaIcEE12_M_constructIPKcEEvT_S8_St20forward_iterator_tag
                0x0000000140007180        0xc C:\Users\mmich\AppData\Local\Temp\ccqFG82y.o
 .pdata$_ZN9__gnu_cxx17__is_null_pointerIKcEEbPT_
                0x000000014000718c        0xc C:\Users\mmich\AppData\Local\Temp\ccqFG82y.o
 .pdata$_ZSt19__iterator_categoryIPKcENSt15iterator_traitsIT_E17iterator_categoryERKS3_
                0x0000000140007198        0xc C:\Users\mmich\AppData\Local\Temp\ccqFG82y.o
 .pdata$_ZSt10__distanceIPKcENSt15iterator_traitsIT_E15difference_typeES3_S3_St26random_access_iterator_tag
                0x00000001400071a4        0xc C:\Users\mmich\AppData\Local\Temp\ccqFG82y.o
 .pdata         0x00000001400071b0       0x24 A:/00_SHIELD/00_ITI/00_Sources/03_GCC_Compiler/msys64/mingw64/bin/../lib/gcc/x86_64-w64-mingw32/11.2.0/../../../../x86_64-w64-mingw32/lib/../lib/libmingw32.a(lib64_libmingw32_a-gccmain.o)
 .pdata         0x00000001400071d4        0xc A:/00_SHIELD/00_ITI/00_Sources/03_GCC_Compiler/msys64/mingw64/bin/../lib/gcc/x86_64-w64-mingw32/11.2.0/../../../../x86_64-w64-mingw32/lib/../lib/libmingw32.a(lib64_libmingw32_a-dllargv.o)
 .pdata         0x00000001400071e0       0x24 A:/00_SHIELD/00_ITI/00_Sources/03_GCC_Compiler/msys64/mingw64/bin/../lib/gcc/x86_64-w64-mingw32/11.2.0/../../../../x86_64-w64-mingw32/lib/../lib/libmingw32.a(lib64_libmingw32_a-tlssup.o)
 .pdata         0x0000000140007204        0xc A:/00_SHIELD/00_ITI/00_Sources/03_GCC_Compiler/msys64/mingw64/bin/../lib/gcc/x86_64-w64-mingw32/11.2.0/../../../../x86_64-w64-mingw32/lib/../lib/libmingw32.a(lib64_libmingw32_a-merr.o)
 .pdata         0x0000000140007210        0xc A:/00_SHIELD/00_ITI/00_Sources/03_GCC_Compiler/msys64/mingw64/bin/../lib/gcc/x86_64-w64-mingw32/11.2.0/../../../../x86_64-w64-mingw32/lib/../lib/libmingw32.a(lib64_libmingw32_a-CRT_fp10.o)
 .pdata         0x000000014000721c       0x24 A:/00_SHIELD/00_ITI/00_Sources/03_GCC_Compiler/msys64/mingw64/bin/../lib/gcc/x86_64-w64-mingw32/11.2.0/../../../../x86_64-w64-mingw32/lib/../lib/libmingw32.a(lib64_libmingw32_a-pseudo-reloc.o)